Tue Jun 04 14:43:42 Saved as file Z:\DESENVOLVIMENTO\NIXIE_CLOCK\HARDWARE\NIXIE.MAX
Tue Jun 04 14:43:42 Saved as file BACKUP1.MAX
Tue Jun 04 14:43:42 Saved as file Z:\DESENVOLVIMENTO\NIXIE_CLOCK\HARDWARE\NIXIE.MAX
Tue Jun 04 14:43:44 UserDiv from Layout.INI for AutoECO: 60
Tue Jun 04 14:43:44 Loaded file Z:\DESENVOLVIMENTO\NIXIE_CLOCK\HARDWARE\NIXIE.MAX
Tue Jun 04 14:43:44 Loaded file Z:\DESENVOLVIMENTO\ORCAD_LIBS\LAYOUT\NEOCORTEX.LLB
Tue Jun 04 14:43:44 Loaded file Z:\NEXHOME_HARDWARE\HARDWARE\CPU876_SMD\CPU883_V3.MAX
Tue Jun 04 14:43:44 Loaded file Z:\DESENVOLVIMENTO\BJ\COM_HUB\PLACA.MAX
Tue Jun 04 14:43:44 Loaded file Z:\DESENVOLVIMENTO\PICPCUSB\ARQUIVOS_FILOMENO\NEOCORTEX2.MAX
Tue Jun 04 14:43:44 Loaded file Z:\DESENVOLVIMENTO\PICPC_1A\RELEASE 2\RTC.LLB
Tue Jun 04 14:43:44 Loaded file Z:\DESENVOLVIMENTO\PICPC_1A\HARDWARE\ORCAD9\PICPC1.MAX
Tue Jun 04 14:43:44 Loaded file Z:\DESENVOLVIMENTO\PICPCUSB\ARQUIVOS_FILOMENO\14MAIO12\PIC_PC_2.MAX
Tue Jun 04 14:43:44 Loaded file C:\Program Files\OrCAD\Layout_Plus\library\BCON100T.llb
Tue Jun 04 14:43:44 Loaded file C:\Program Files\OrCAD\Layout_Plus\library\BCON156T.llb
Tue Jun 04 14:43:44 Loaded file C:\Program Files\OrCAD\Layout_Plus\library\BGA.llb
Tue Jun 04 14:43:44 Loaded file C:\Program Files\OrCAD\Layout_Plus\library\CLCC.llb
Tue Jun 04 14:43:44 Loaded file C:\Program Files\OrCAD\Layout_Plus\library\DCON050T.llb
Tue Jun 04 14:43:44 Loaded file C:\Program Files\OrCAD\Layout_Plus\library\DCON085T.llb
Tue Jun 04 14:43:44 Loaded file C:\Program Files\OrCAD\Layout_Plus\library\DIMM050F.llb
Tue Jun 04 14:43:44 Loaded file C:\Program Files\OrCAD\Layout_Plus\library\DIMM050T.llb
Tue Jun 04 14:43:44 Loaded file C:\Program Files\OrCAD\Layout_Plus\library\DIN.llb
Tue Jun 04 14:43:44 Loaded file C:\Program Files\OrCAD\Layout_Plus\library\DIP100B.llb
Tue Jun 04 14:43:44 Loaded file C:\Program Files\OrCAD\Layout_Plus\library\DIP100T.llb
Tue Jun 04 14:43:44 Loaded file C:\Program Files\OrCAD\Layout_Plus\library\DSUBT.llb
Tue Jun 04 14:43:44 Loaded file C:\Program Files\OrCAD\Layout_Plus\library\DSUBT_HD.LLB
Tue Jun 04 14:43:44 Loaded file C:\Program Files\OrCAD\Layout_Plus\library\ECON100T.llb
Tue Jun 04 14:43:44 Loaded file C:\Program Files\OrCAD\Layout_Plus\library\FBUS.llb
Tue Jun 04 14:43:44 Loaded file C:\Program Files\OrCAD\Layout_Plus\library\ISA.llb
Tue Jun 04 14:43:44 Loaded file C:\Program Files\OrCAD\Layout_Plus\library\JUMPER.LLB
Tue Jun 04 14:43:44 Loaded file C:\Program Files\OrCAD\Layout_Plus\library\LAYOUT.llb
Tue Jun 04 14:43:44 Loaded file C:\Program Files\OrCAD\Layout_Plus\library\LCON100T.llb
Tue Jun 04 14:43:44 Loaded file C:\Program Files\OrCAD\Layout_Plus\library\PC104.llb
Tue Jun 04 14:43:44 Loaded file C:\Program Files\OrCAD\Layout_Plus\library\PCI.llb
Tue Jun 04 14:43:44 Loaded file C:\Program Files\OrCAD\Layout_Plus\library\PCON100T.llb
Tue Jun 04 14:43:44 Loaded file C:\Program Files\OrCAD\Layout_Plus\library\PCON156T.llb
Tue Jun 04 14:43:44 Loaded file C:\Program Files\OrCAD\Layout_Plus\library\PGA.llb
Tue Jun 04 14:43:44 Loaded file C:\Program Files\OrCAD\Layout_Plus\library\PLCC.llb
Tue Jun 04 14:43:44 Loaded file C:\Program Files\OrCAD\Layout_Plus\library\QUAD.llb
Tue Jun 04 14:43:44 Loaded file C:\Program Files\OrCAD\Layout_Plus\library\QUADB.llb
Tue Jun 04 14:43:44 Loaded file C:\Program Files\OrCAD\Layout_Plus\library\RELAY.llb
Tue Jun 04 14:43:44 Loaded file C:\Program Files\OrCAD\Layout_Plus\library\RF.llb
Tue Jun 04 14:43:45 Loaded file C:\Program Files\OrCAD\Layout_Plus\library\SBUS.llb
Tue Jun 04 14:43:45 Loaded file C:\Program Files\OrCAD\Layout_Plus\library\SIMM050F.llb
Tue Jun 04 14:43:45 Loaded file C:\Program Files\OrCAD\Layout_Plus\library\SIMM050T.llb
Tue Jun 04 14:43:45 Loaded file C:\Program Files\OrCAD\Layout_Plus\library\SIMM100F.llb
Tue Jun 04 14:43:45 Loaded file C:\Program Files\OrCAD\Layout_Plus\library\SIMM100T.llb
Tue Jun 04 14:43:45 Loaded file C:\Program Files\OrCAD\Layout_Plus\library\SIP.llb
Tue Jun 04 14:43:45 Loaded file C:\Program Files\OrCAD\Layout_Plus\library\SM.llb
Tue Jun 04 14:43:45 Loaded file C:\Program Files\OrCAD\Layout_Plus\library\SOG.llb
Tue Jun 04 14:43:45 Loaded file C:\Program Files\OrCAD\Layout_Plus\library\SOJ.llb
Tue Jun 04 14:43:45 Loaded file C:\Program Files\OrCAD\Layout_Plus\library\STIFF.llb
Tue Jun 04 14:43:45 Loaded file C:\Program Files\OrCAD\Layout_Plus\library\TELE.llb
Tue Jun 04 14:43:45 Loaded file C:\Program Files\OrCAD\Layout_Plus\library\TM_AXIAL.llb
Tue Jun 04 14:43:45 Loaded file C:\Program Files\OrCAD\Layout_Plus\library\TM_CAP_P.llb
Tue Jun 04 14:43:45 Loaded file C:\Program Files\OrCAD\Layout_Plus\library\TM_CYLND.llb
Tue Jun 04 14:43:45 Loaded file C:\Program Files\OrCAD\Layout_Plus\library\TM_DIODE.llb
Tue Jun 04 14:43:45 Loaded file C:\Program Files\OrCAD\Layout_Plus\library\TM_DISC.llb
Tue Jun 04 14:43:45 Loaded file C:\Program Files\OrCAD\Layout_Plus\library\TM_RAD.llb
Tue Jun 04 14:43:45 Loaded file C:\Program Files\OrCAD\Layout_Plus\library\TO.llb
Tue Jun 04 14:43:45 Loaded file C:\Program Files\OrCAD\Layout_Plus\library\TRAINING.LLB
Tue Jun 04 14:43:45 Loaded file C:\Program Files\OrCAD\Layout_Plus\library\VRES.llb
Tue Jun 04 14:43:45 Loaded file C:\Program Files\OrCAD\Layout_Plus\library\WCON100T.llb
Tue Jun 04 14:43:45 Loaded file C:\Program Files\OrCAD\Layout_Plus\library\XT.llb
Tue Jun 04 14:43:45 Loaded file C:\Program Files\OrCAD\Layout_Plus\library\ZIGZAG.llb
Tue Jun 04 14:43:45 Loaded file C:\Program Files\OrCAD\Layout_Plus\library\DIP100T.llb
Tue Jun 04 14:43:45 Loaded file Z:\DESENVOLVIMENTO\ORCAD_LIBS\LAYOUT\NEOCORTEX.LLB
Tue Jun 04 14:43:45 Loaded file Z:\DESENVOLVIMENTO\BJ\COM_HUB\PLACA.MAX
Tue Jun 04 14:43:45 Loaded file Z:\DESENVOLVIMENTO\ORCAD_LIBS\LAYOUT\NEOCORTEX.LLB
Tue Jun 04 14:43:45 Loaded file Z:\DESENVOLVIMENTO\ORCAD_LIBS\LAYOUT\NEOCORTEX.LLB
Tue Jun 04 14:43:45 Loaded file Z:\DESENVOLVIMENTO\ORCAD_LIBS\LAYOUT\NEOCORTEX.LLB
Tue Jun 04 14:43:45 Loaded file Z:\DESENVOLVIMENTO\ORCAD_LIBS\LAYOUT\NEOCORTEX.LLB
Tue Jun 04 14:43:51 Loaded file C:\PROGRAM FILES\ORCAD\LAYOUT_PLUS\data\template.imp
Tue Jun 04 14:43:51 Loaded file C:\PROGRAM FILES\ORCAD\LAYOUT_PLUS\data\template.imp
Tue Jun 04 14:43:54 Loaded file C:\PROGRAM FILES\ORCAD\LAYOUT_PLUS\data\template.imp
Tue Jun 04 14:43:55 Loaded file C:\Program Files\OrCAD\Layout_Plus\library\DIP100T.llb
Tue Jun 04 14:43:55 Loaded file Z:\DESENVOLVIMENTO\ORCAD_LIBS\LAYOUT\NEOCORTEX.LLB
Tue Jun 04 14:43:55 Loaded file Z:\NEXHOME_HARDWARE\HARDWARE\CPU876_SMD\CPU883_V3.MAX
Tue Jun 04 14:43:55 Loaded file Z:\NEXHOME_HARDWARE\HARDWARE\CPU876_SMD\CPU883_V3.MAX
Tue Jun 04 14:43:55 Loaded file Z:\DESENVOLVIMENTO\ORCAD_LIBS\LAYOUT\NEOCORTEX.LLB
Tue Jun 04 14:43:55 Loaded file Z:\DESENVOLVIMENTO\ORCAD_LIBS\LAYOUT\NEOCORTEX.LLB
Tue Jun 04 14:43:55 Loaded file Z:\DESENVOLVIMENTO\ORCAD_LIBS\LAYOUT\NEOCORTEX.LLB
Tue Jun 04 14:43:58 Loaded file C:\PROGRAM FILES\ORCAD\LAYOUT_PLUS\data\template.imp
Tue Jun 04 14:43:58 Loaded file C:\PROGRAM FILES\ORCAD\LAYOUT_PLUS\data\template.imp
Tue Jun 04 14:44:06 Loaded file C:\Program Files\OrCAD\Layout_Plus\library\TO.llb
Tue Jun 04 14:44:07 Loaded file C:\PROGRAM FILES\ORCAD\LAYOUT_PLUS\data\template.imp
Tue Jun 04 14:44:08 Loaded file C:\PROGRAM FILES\ORCAD\LAYOUT_PLUS\data\template.imp
Tue Jun 04 14:44:09 Loaded file C:\PROGRAM FILES\ORCAD\LAYOUT_PLUS\data\template.imp
Tue Jun 04 14:44:09 Loaded file C:\PROGRAM FILES\ORCAD\LAYOUT_PLUS\data\template.imp
Tue Jun 04 14:44:09 Loaded file C:\PROGRAM FILES\ORCAD\LAYOUT_PLUS\data\template.imp
Tue Jun 04 14:44:10 Loaded file C:\PROGRAM FILES\ORCAD\LAYOUT_PLUS\data\template.imp
Tue Jun 04 14:44:10 Loaded file C:\PROGRAM FILES\ORCAD\LAYOUT_PLUS\data\template.imp
Tue Jun 04 14:44:11 Loaded file C:\PROGRAM FILES\ORCAD\LAYOUT_PLUS\data\template.imp
Tue Jun 04 14:44:11 Loaded file C:\PROGRAM FILES\ORCAD\LAYOUT_PLUS\data\template.imp
Tue Jun 04 14:44:12 Loaded file C:\PROGRAM FILES\ORCAD\LAYOUT_PLUS\data\template.imp
Tue Jun 04 14:44:12 Loaded file C:\PROGRAM FILES\ORCAD\LAYOUT_PLUS\data\template.imp
Tue Jun 04 14:44:12 Loaded file C:\PROGRAM FILES\ORCAD\LAYOUT_PLUS\data\template.imp
Tue Jun 04 14:44:13 Loaded file C:\PROGRAM FILES\ORCAD\LAYOUT_PLUS\data\template.imp
Tue Jun 04 14:44:13 Loaded file C:\PROGRAM FILES\ORCAD\LAYOUT_PLUS\data\template.imp
Tue Jun 04 14:44:14 Loaded file C:\PROGRAM FILES\ORCAD\LAYOUT_PLUS\data\template.imp
Tue Jun 04 14:44:14 Loaded file C:\PROGRAM FILES\ORCAD\LAYOUT_PLUS\data\template.imp
Tue Jun 04 14:44:14 Loaded file C:\PROGRAM FILES\ORCAD\LAYOUT_PLUS\data\template.imp
Tue Jun 04 14:44:15 Loaded file C:\PROGRAM FILES\ORCAD\LAYOUT_PLUS\data\template.imp
Tue Jun 04 14:44:15 Loaded file C:\PROGRAM FILES\ORCAD\LAYOUT_PLUS\data\template.imp
Tue Jun 04 14:44:15 Loaded file C:\PROGRAM FILES\ORCAD\LAYOUT_PLUS\data\template.imp
Tue Jun 04 14:44:16 Loaded file C:\PROGRAM FILES\ORCAD\LAYOUT_PLUS\data\template.imp
Tue Jun 04 14:44:16 Loaded file C:\PROGRAM FILES\ORCAD\LAYOUT_PLUS\data\template.imp
Tue Jun 04 14:44:16 Loaded file C:\PROGRAM FILES\ORCAD\LAYOUT_PLUS\data\template.imp
Tue Jun 04 14:44:17 Loaded file C:\PROGRAM FILES\ORCAD\LAYOUT_PLUS\data\template.imp
Tue Jun 04 14:44:17 Loaded file C:\PROGRAM FILES\ORCAD\LAYOUT_PLUS\data\template.imp
Tue Jun 04 14:44:17 Loaded file C:\PROGRAM FILES\ORCAD\LAYOUT_PLUS\data\template.imp
Tue Jun 04 14:44:17 Loaded file C:\PROGRAM FILES\ORCAD\LAYOUT_PLUS\data\template.imp
Tue Jun 04 14:44:18 Loaded file C:\PROGRAM FILES\ORCAD\LAYOUT_PLUS\data\template.imp
Tue Jun 04 14:44:18 Loaded file C:\PROGRAM FILES\ORCAD\LAYOUT_PLUS\data\template.imp
Tue Jun 04 14:44:18 Loaded file C:\PROGRAM FILES\ORCAD\LAYOUT_PLUS\data\template.imp
Tue Jun 04 14:44:19 Loaded file C:\PROGRAM FILES\ORCAD\LAYOUT_PLUS\data\template.imp
Tue Jun 04 14:44:26 Loaded file C:\PROGRAM FILES\ORCAD\LAYOUT_PLUS\data\template.imp
Tue Jun 04 14:44:28 Loaded file C:\PROGRAM FILES\ORCAD\LAYOUT_PLUS\data\template.imp
Tue Jun 04 14:44:31 Loaded file C:\PROGRAM FILES\ORCAD\LAYOUT_PLUS\data\template.imp
Tue Jun 04 14:44:35 Loaded file C:\PROGRAM FILES\ORCAD\LAYOUT_PLUS\data\template.imp
Tue Jun 04 14:44:37 Loaded file C:\PROGRAM FILES\ORCAD\LAYOUT_PLUS\data\template.imp
Tue Jun 04 14:44:38 Loaded file C:\PROGRAM FILES\ORCAD\LAYOUT_PLUS\data\template.imp
Tue Jun 04 14:44:43 Loaded file C:\PROGRAM FILES\ORCAD\LAYOUT_PLUS\data\template.imp
Tue Jun 04 14:44:43 Loaded file C:\PROGRAM FILES\ORCAD\LAYOUT_PLUS\data\template.imp
Tue Jun 04 14:44:43 Loaded file C:\PROGRAM FILES\ORCAD\LAYOUT_PLUS\data\template.imp
Tue Jun 04 14:44:44 Loaded file C:\PROGRAM FILES\ORCAD\LAYOUT_PLUS\data\template.imp
Tue Jun 04 14:44:45 Loaded file C:\PROGRAM FILES\ORCAD\LAYOUT_PLUS\data\template.imp
Tue Jun 04 14:44:45 Loaded file C:\PROGRAM FILES\ORCAD\LAYOUT_PLUS\data\template.imp
Tue Jun 04 14:44:46 Loaded file C:\PROGRAM FILES\ORCAD\LAYOUT_PLUS\data\template.imp
Tue Jun 04 14:44:46 Loaded file C:\PROGRAM FILES\ORCAD\LAYOUT_PLUS\data\template.imp
Tue Jun 04 14:44:46 Loaded file C:\PROGRAM FILES\ORCAD\LAYOUT_PLUS\data\template.imp
Tue Jun 04 14:44:47 Loaded file C:\PROGRAM FILES\ORCAD\LAYOUT_PLUS\data\template.imp
Tue Jun 04 14:44:47 Loaded file C:\PROGRAM FILES\ORCAD\LAYOUT_PLUS\data\template.imp
Tue Jun 04 14:44:50 Loaded file C:\PROGRAM FILES\ORCAD\LAYOUT_PLUS\data\template.imp
Tue Jun 04 14:44:50 Loaded file C:\PROGRAM FILES\ORCAD\LAYOUT_PLUS\data\template.imp
Tue Jun 04 14:44:50 Loaded file C:\PROGRAM FILES\ORCAD\LAYOUT_PLUS\data\template.imp
Tue Jun 04 14:44:50 Loaded file C:\PROGRAM FILES\ORCAD\LAYOUT_PLUS\data\template.imp
Tue Jun 04 14:44:51 Loaded file C:\PROGRAM FILES\ORCAD\LAYOUT_PLUS\data\template.imp
Tue Jun 04 14:44:54 Loaded file C:\PROGRAM FILES\ORCAD\LAYOUT_PLUS\data\template.imp
Tue Jun 04 14:44:56 Loaded file C:\PROGRAM FILES\ORCAD\LAYOUT_PLUS\data\template.imp
Tue Jun 04 14:44:56 Loaded file C:\PROGRAM FILES\ORCAD\LAYOUT_PLUS\data\template.imp
Tue Jun 04 14:44:57 Loaded file C:\PROGRAM FILES\ORCAD\LAYOUT_PLUS\data\template.imp
Tue Jun 04 14:44:57 Loaded file C:\PROGRAM FILES\ORCAD\LAYOUT_PLUS\data\template.imp
Tue Jun 04 14:44:57 Loaded file C:\PROGRAM FILES\ORCAD\LAYOUT_PLUS\data\template.imp
Tue Jun 04 14:45:01 Loaded file Z:\DESENVOLVIMENTO\PICPC_1A\RELEASE 2\RTC.LLB
Tue Jun 04 14:45:01 Loaded file Z:\DESENVOLVIMENTO\ORCAD_LIBS\LAYOUT\NEOCORTEX.LLB
Tue Jun 04 14:45:25 Loaded file C:\PROGRAM FILES\ORCAD\LAYOUT_PLUS\data\template.imp
Tue Jun 04 14:45:26 Loaded file C:\PROGRAM FILES\ORCAD\LAYOUT_PLUS\data\template.imp
Tue Jun 04 14:45:31 Loaded file C:\PROGRAM FILES\ORCAD\LAYOUT_PLUS\data\template.imp
Tue Jun 04 14:45:33 Loaded file Z:\DESENVOLVIMENTO\ORCAD_LIBS\LAYOUT\NEOCORTEX.LLB
Tue Jun 04 14:45:33 Loaded file Z:\DESENVOLVIMENTO\ORCAD_LIBS\LAYOUT\NEOCORTEX.LLB
Tue Jun 04 14:45:33 Loaded file Z:\DESENVOLVIMENTO\ORCAD_LIBS\LAYOUT\NEOCORTEX.LLB
Tue Jun 04 14:45:33 Loaded file Z:\DESENVOLVIMENTO\ORCAD_LIBS\LAYOUT\NEOCORTEX.LLB
Tue Jun 04 14:45:33 Loaded file Z:\DESENVOLVIMENTO\ORCAD_LIBS\LAYOUT\NEOCORTEX.LLB
Tue Jun 04 14:45:33 Loaded file Z:\DESENVOLVIMENTO\ORCAD_LIBS\LAYOUT\NEOCORTEX.LLB
Tue Jun 04 14:45:33 Loaded file Z:\NEXHOME_HARDWARE\HARDWARE\CPU876_SMD\CPU883_V3.MAX
Tue Jun 04 14:45:33 Loaded file Z:\DESENVOLVIMENTO\BJ\COM_HUB\PLACA.MAX
Tue Jun 04 14:45:33 Loaded file Z:\DESENVOLVIMENTO\PICPCUSB\ARQUIVOS_FILOMENO\NEOCORTEX2.MAX
Tue Jun 04 14:45:33 Loaded file Z:\DESENVOLVIMENTO\PICPC_1A\RELEASE 2\RTC.LLB
Tue Jun 04 14:45:33 Loaded file Z:\DESENVOLVIMENTO\PICPC_1A\HARDWARE\ORCAD9\PICPC1.MAX
Tue Jun 04 14:45:33 Loaded file Z:\DESENVOLVIMENTO\PICPCUSB\ARQUIVOS_FILOMENO\14MAIO12\PIC_PC_2.MAX
Tue Jun 04 14:45:33 Loaded file C:\Program Files\OrCAD\Layout_Plus\library\BCON100T.llb
Tue Jun 04 14:45:33 Loaded file C:\Program Files\OrCAD\Layout_Plus\library\BCON156T.llb
Tue Jun 04 14:45:33 Loaded file C:\Program Files\OrCAD\Layout_Plus\library\BGA.llb
Tue Jun 04 14:45:33 Loaded file C:\Program Files\OrCAD\Layout_Plus\library\CLCC.llb
Tue Jun 04 14:45:33 Loaded file C:\Program Files\OrCAD\Layout_Plus\library\DCON050T.llb
Tue Jun 04 14:45:33 Loaded file C:\Program Files\OrCAD\Layout_Plus\library\DCON085T.llb
Tue Jun 04 14:45:33 Loaded file C:\Program Files\OrCAD\Layout_Plus\library\DIMM050F.llb
Tue Jun 04 14:45:33 Loaded file C:\Program Files\OrCAD\Layout_Plus\library\DIMM050T.llb
Tue Jun 04 14:45:33 Loaded file C:\Program Files\OrCAD\Layout_Plus\library\DIN.llb
Tue Jun 04 14:45:33 Loaded file C:\Program Files\OrCAD\Layout_Plus\library\DIP100B.llb
Tue Jun 04 14:45:33 Loaded file C:\Program Files\OrCAD\Layout_Plus\library\DIP100T.llb
Tue Jun 04 14:45:33 Loaded file C:\Program Files\OrCAD\Layout_Plus\library\DSUBT.llb
Tue Jun 04 14:45:33 Loaded file C:\Program Files\OrCAD\Layout_Plus\library\DSUBT_HD.LLB
Tue Jun 04 14:45:33 Loaded file C:\Program Files\OrCAD\Layout_Plus\library\ECON100T.llb
Tue Jun 04 14:45:33 Loaded file C:\Program Files\OrCAD\Layout_Plus\library\FBUS.llb
Tue Jun 04 14:45:33 Loaded file C:\Program Files\OrCAD\Layout_Plus\library\ISA.llb
Tue Jun 04 14:45:33 Loaded file C:\Program Files\OrCAD\Layout_Plus\library\JUMPER.LLB
Tue Jun 04 14:45:33 Loaded file C:\Program Files\OrCAD\Layout_Plus\library\LAYOUT.llb
Tue Jun 04 14:45:33 Loaded file C:\Program Files\OrCAD\Layout_Plus\library\LCON100T.llb
Tue Jun 04 14:45:33 Loaded file C:\Program Files\OrCAD\Layout_Plus\library\PC104.llb
Tue Jun 04 14:45:33 Loaded file C:\Program Files\OrCAD\Layout_Plus\library\PCI.llb
Tue Jun 04 14:45:33 Loaded file C:\Program Files\OrCAD\Layout_Plus\library\PCON100T.llb
Tue Jun 04 14:45:33 Loaded file C:\Program Files\OrCAD\Layout_Plus\library\PCON156T.llb
Tue Jun 04 14:45:33 Loaded file C:\Program Files\OrCAD\Layout_Plus\library\PGA.llb
Tue Jun 04 14:45:33 Loaded file C:\Program Files\OrCAD\Layout_Plus\library\PLCC.llb
Tue Jun 04 14:45:33 Loaded file C:\Program Files\OrCAD\Layout_Plus\library\QUAD.llb
Tue Jun 04 14:45:34 Loaded file C:\Program Files\OrCAD\Layout_Plus\library\QUADB.llb
Tue Jun 04 14:45:34 Loaded file C:\Program Files\OrCAD\Layout_Plus\library\RELAY.llb
Tue Jun 04 14:45:34 Loaded file C:\Program Files\OrCAD\Layout_Plus\library\RF.llb
Tue Jun 04 14:45:34 Loaded file C:\Program Files\OrCAD\Layout_Plus\library\SBUS.llb
Tue Jun 04 14:45:34 Loaded file C:\Program Files\OrCAD\Layout_Plus\library\SIMM050F.llb
Tue Jun 04 14:45:34 Loaded file C:\Program Files\OrCAD\Layout_Plus\library\SIMM050T.llb
Tue Jun 04 14:45:34 Loaded file C:\Program Files\OrCAD\Layout_Plus\library\SIMM100F.llb
Tue Jun 04 14:45:34 Loaded file C:\Program Files\OrCAD\Layout_Plus\library\SIMM100T.llb
Tue Jun 04 14:45:34 Loaded file C:\Program Files\OrCAD\Layout_Plus\library\SIP.llb
Tue Jun 04 14:45:34 Loaded file C:\Program Files\OrCAD\Layout_Plus\library\SM.llb
Tue Jun 04 14:45:34 Loaded file C:\Program Files\OrCAD\Layout_Plus\library\SOG.llb
Tue Jun 04 14:45:34 Loaded file C:\Program Files\OrCAD\Layout_Plus\library\SOJ.llb
Tue Jun 04 14:45:34 Loaded file C:\Program Files\OrCAD\Layout_Plus\library\STIFF.llb
Tue Jun 04 14:45:34 Loaded file C:\Program Files\OrCAD\Layout_Plus\library\TELE.llb
Tue Jun 04 14:45:34 Loaded file C:\Program Files\OrCAD\Layout_Plus\library\TM_AXIAL.llb
Tue Jun 04 14:45:34 Loaded file C:\Program Files\OrCAD\Layout_Plus\library\TM_CAP_P.llb
Tue Jun 04 14:45:34 Loaded file C:\Program Files\OrCAD\Layout_Plus\library\TM_CYLND.llb
Tue Jun 04 14:45:34 Loaded file C:\Program Files\OrCAD\Layout_Plus\library\TM_DIODE.llb
Tue Jun 04 14:45:34 Loaded file C:\Program Files\OrCAD\Layout_Plus\library\TM_DISC.llb
Tue Jun 04 14:45:34 Loaded file C:\Program Files\OrCAD\Layout_Plus\library\TM_RAD.llb
Tue Jun 04 14:45:34 Loaded file C:\Program Files\OrCAD\Layout_Plus\library\TO.llb
Tue Jun 04 14:45:34 Loaded file C:\Program Files\OrCAD\Layout_Plus\library\TRAINING.LLB
Tue Jun 04 14:45:34 Loaded file C:\Program Files\OrCAD\Layout_Plus\library\VRES.llb
Tue Jun 04 14:45:34 Loaded file C:\Program Files\OrCAD\Layout_Plus\library\WCON100T.llb
Tue Jun 04 14:45:34 Loaded file C:\Program Files\OrCAD\Layout_Plus\library\XT.llb
Tue Jun 04 14:45:34 Loaded file C:\Program Files\OrCAD\Layout_Plus\library\ZIGZAG.llb
Tue Jun 04 14:45:34 Unable to find Alternate Footprint: SOG.050/14/WG.244/L.425
Tue Jun 04 14:45:34 Loaded file Z:\DESENVOLVIMENTO\ORCAD_LIBS\LAYOUT\NEOCORTEX.LLB
Tue Jun 04 14:45:34 Loaded file Z:\NEXHOME_HARDWARE\HARDWARE\CPU876_SMD\CPU883_V3.MAX
Tue Jun 04 14:45:34 Loaded file Z:\DESENVOLVIMENTO\BJ\COM_HUB\PLACA.MAX
Tue Jun 04 14:45:34 Loaded file Z:\DESENVOLVIMENTO\PICPCUSB\ARQUIVOS_FILOMENO\NEOCORTEX2.MAX
Tue Jun 04 14:45:34 Loaded file Z:\DESENVOLVIMENTO\PICPC_1A\RELEASE 2\RTC.LLB
Tue Jun 04 14:45:34 Loaded file Z:\DESENVOLVIMENTO\PICPC_1A\HARDWARE\ORCAD9\PICPC1.MAX
Tue Jun 04 14:45:34 Loaded file Z:\DESENVOLVIMENTO\PICPCUSB\ARQUIVOS_FILOMENO\14MAIO12\PIC_PC_2.MAX
Tue Jun 04 14:45:34 Loaded file C:\Program Files\OrCAD\Layout_Plus\library\BCON100T.llb
Tue Jun 04 14:45:34 Loaded file C:\Program Files\OrCAD\Layout_Plus\library\BCON156T.llb
Tue Jun 04 14:45:34 Loaded file C:\Program Files\OrCAD\Layout_Plus\library\BGA.llb
Tue Jun 04 14:45:34 Loaded file C:\Program Files\OrCAD\Layout_Plus\library\CLCC.llb
Tue Jun 04 14:45:34 Loaded file C:\Program Files\OrCAD\Layout_Plus\library\DCON050T.llb
Tue Jun 04 14:45:34 Loaded file C:\Program Files\OrCAD\Layout_Plus\library\DCON085T.llb
Tue Jun 04 14:45:34 Loaded file C:\Program Files\OrCAD\Layout_Plus\library\DIMM050F.llb
Tue Jun 04 14:45:34 Loaded file C:\Program Files\OrCAD\Layout_Plus\library\DIMM050T.llb
Tue Jun 04 14:45:34 Loaded file C:\Program Files\OrCAD\Layout_Plus\library\DIN.llb
Tue Jun 04 14:45:34 Loaded file C:\Program Files\OrCAD\Layout_Plus\library\DIP100B.llb
Tue Jun 04 14:45:34 Loaded file C:\Program Files\OrCAD\Layout_Plus\library\DIP100T.llb
Tue Jun 04 14:45:34 Loaded file C:\Program Files\OrCAD\Layout_Plus\library\DSUBT.llb
Tue Jun 04 14:45:34 Loaded file C:\Program Files\OrCAD\Layout_Plus\library\DSUBT_HD.LLB
Tue Jun 04 14:45:34 Loaded file C:\Program Files\OrCAD\Layout_Plus\library\ECON100T.llb
Tue Jun 04 14:45:34 Loaded file C:\Program Files\OrCAD\Layout_Plus\library\FBUS.llb
Tue Jun 04 14:45:34 Loaded file C:\Program Files\OrCAD\Layout_Plus\library\ISA.llb
Tue Jun 04 14:45:34 Loaded file C:\Program Files\OrCAD\Layout_Plus\library\JUMPER.LLB
Tue Jun 04 14:45:34 Loaded file C:\Program Files\OrCAD\Layout_Plus\library\LAYOUT.llb
Tue Jun 04 14:45:34 Loaded file C:\Program Files\OrCAD\Layout_Plus\library\LCON100T.llb
Tue Jun 04 14:45:34 Loaded file C:\Program Files\OrCAD\Layout_Plus\library\PC104.llb
Tue Jun 04 14:45:34 Loaded file C:\Program Files\OrCAD\Layout_Plus\library\PCI.llb
Tue Jun 04 14:45:34 Loaded file C:\Program Files\OrCAD\Layout_Plus\library\PCON100T.llb
Tue Jun 04 14:45:34 Loaded file C:\Program Files\OrCAD\Layout_Plus\library\PCON156T.llb
Tue Jun 04 14:45:34 Loaded file C:\Program Files\OrCAD\Layout_Plus\library\PGA.llb
Tue Jun 04 14:45:34 Loaded file C:\Program Files\OrCAD\Layout_Plus\library\PLCC.llb
Tue Jun 04 14:45:34 Loaded file C:\Program Files\OrCAD\Layout_Plus\library\QUAD.llb
Tue Jun 04 14:45:34 Loaded file C:\Program Files\OrCAD\Layout_Plus\library\QUADB.llb
Tue Jun 04 14:45:34 Loaded file C:\Program Files\OrCAD\Layout_Plus\library\RELAY.llb
Tue Jun 04 14:45:34 Loaded file C:\Program Files\OrCAD\Layout_Plus\library\RF.llb
Tue Jun 04 14:45:34 Loaded file C:\Program Files\OrCAD\Layout_Plus\library\SBUS.llb
Tue Jun 04 14:45:34 Loaded file C:\Program Files\OrCAD\Layout_Plus\library\SIMM050F.llb
Tue Jun 04 14:45:34 Loaded file C:\Program Files\OrCAD\Layout_Plus\library\SIMM050T.llb
Tue Jun 04 14:45:34 Loaded file C:\Program Files\OrCAD\Layout_Plus\library\SIMM100F.llb
Tue Jun 04 14:45:34 Loaded file C:\Program Files\OrCAD\Layout_Plus\library\SIMM100T.llb
Tue Jun 04 14:45:34 Loaded file C:\Program Files\OrCAD\Layout_Plus\library\SIP.llb
Tue Jun 04 14:45:34 Loaded file C:\Program Files\OrCAD\Layout_Plus\library\SM.llb
Tue Jun 04 14:45:34 Loaded file C:\Program Files\OrCAD\Layout_Plus\library\SOG.llb
Tue Jun 04 14:45:34 Loaded file C:\Program Files\OrCAD\Layout_Plus\library\SOJ.llb
Tue Jun 04 14:45:34 Loaded file C:\Program Files\OrCAD\Layout_Plus\library\STIFF.llb
Tue Jun 04 14:45:34 Loaded file C:\Program Files\OrCAD\Layout_Plus\library\TELE.llb
Tue Jun 04 14:45:34 Loaded file C:\Program Files\OrCAD\Layout_Plus\library\TM_AXIAL.llb
Tue Jun 04 14:45:34 Loaded file C:\Program Files\OrCAD\Layout_Plus\library\TM_CAP_P.llb
Tue Jun 04 14:45:34 Loaded file C:\Program Files\OrCAD\Layout_Plus\library\TM_CYLND.llb
Tue Jun 04 14:45:34 Loaded file C:\Program Files\OrCAD\Layout_Plus\library\TM_DIODE.llb
Tue Jun 04 14:45:34 Loaded file C:\Program Files\OrCAD\Layout_Plus\library\TM_DISC.llb
Tue Jun 04 14:45:34 Loaded file C:\Program Files\OrCAD\Layout_Plus\library\TM_RAD.llb
Tue Jun 04 14:45:34 Loaded file C:\Program Files\OrCAD\Layout_Plus\library\TO.llb
Tue Jun 04 14:45:34 Loaded file C:\Program Files\OrCAD\Layout_Plus\library\TRAINING.LLB
Tue Jun 04 14:45:34 Loaded file C:\Program Files\OrCAD\Layout_Plus\library\VRES.llb
Tue Jun 04 14:45:34 Loaded file C:\Program Files\OrCAD\Layout_Plus\library\WCON100T.llb
Tue Jun 04 14:45:34 Loaded file C:\Program Files\OrCAD\Layout_Plus\library\XT.llb
Tue Jun 04 14:45:34 Loaded file C:\Program Files\OrCAD\Layout_Plus\library\ZIGZAG.llb
Tue Jun 04 14:45:34 Unable to find Alternate Footprint: SOG.050/14/WG.244/L.425
Tue Jun 04 14:45:38 Loaded file C:\PROGRAM FILES\ORCAD\LAYOUT_PLUS\data\template.imp
Tue Jun 04 14:45:38 Loaded file C:\PROGRAM FILES\ORCAD\LAYOUT_PLUS\data\template.imp
Tue Jun 04 14:45:42 Loaded file C:\PROGRAM FILES\ORCAD\LAYOUT_PLUS\data\template.imp
Tue Jun 04 14:45:44 Loaded file C:\Program Files\OrCAD\Layout_Plus\library\DIP100T.llb
Tue Jun 04 14:45:44 Saved as file Z:\DESENVOLVIMENTO\NIXIE_CLOCK\HARDWARE\NIXIE.MAX
Tue Jun 04 14:45:44 Loaded file Z:\DESENVOLVIMENTO\NIXIE_CLOCK\HARDWARE\NIXIE.MAX
Tue Jun 04 14:46:15 Loaded file C:\Program Files\OrCAD\Layout_Plus\data\template.imp
Tue Jun 04 14:46:15 Loaded file C:\Program Files\OrCAD\Layout_Plus\data\template.imp
Tue Jun 04 14:46:15 Loaded file C:\Program Files\OrCAD\Layout_Plus\data\template.imp
Tue Jun 04 14:46:15 Loaded file C:\Program Files\OrCAD\Layout_Plus\data\template.imp
Tue Jun 04 14:46:17 Loaded file Z:\DESENVOLVIMENTO\ORCAD_LIBS\LAYOUT\NEOCORTEX.LLB
Tue Jun 04 14:46:25 Loaded file C:\Program Files\OrCAD\Layout_Plus\data\template.imp
Tue Jun 04 14:54:10 Saved as file BACKUP1.MAX
Tue Jun 04 14:58:31 Loaded file C:\Program Files\OrCAD\Layout_Plus\data\template.imp
Tue Jun 04 14:58:31 Loaded file C:\Program Files\OrCAD\Layout_Plus\data\template.imp
Tue Jun 04 14:58:31 Loaded file C:\Program Files\OrCAD\Layout_Plus\data\template.imp
Tue Jun 04 14:58:31 Loaded file C:\Program Files\OrCAD\Layout_Plus\data\template.imp
Tue Jun 04 14:58:33 Loaded file Z:\DESENVOLVIMENTO\ORCAD_LIBS\LAYOUT\NEOCORTEX.LLB
Tue Jun 04 14:58:43 Loaded file C:\Program Files\OrCAD\Layout_Plus\data\template.imp
Tue Jun 04 14:58:44 Loaded file C:\Program Files\OrCAD\Layout_Plus\data\template.imp
Tue Jun 04 15:00:21 Loaded file C:\Program Files\OrCAD\Layout_Plus\data\template.imp
Tue Jun 04 15:00:21 Loaded file C:\Program Files\OrCAD\Layout_Plus\data\template.imp
Tue Jun 04 15:00:21 Loaded file C:\Program Files\OrCAD\Layout_Plus\data\template.imp
Tue Jun 04 15:00:21 Loaded file C:\Program Files\OrCAD\Layout_Plus\data\template.imp
Tue Jun 04 15:00:35 Loaded file C:\Program Files\OrCAD\Layout_Plus\library\SOG.llb
Tue Jun 04 15:00:36 Loaded file C:\Program Files\OrCAD\Layout_Plus\data\template.imp
Tue Jun 04 15:00:40 Loaded file C:\Program Files\OrCAD\Layout_Plus\library\TM_CAP_P.llb
Tue Jun 04 15:00:41 Loaded file C:\Program Files\OrCAD\Layout_Plus\data\template.imp
Tue Jun 04 15:00:44 Loaded file C:\Program Files\OrCAD\Layout_Plus\library\TM_CYLND.llb
Tue Jun 04 15:00:45 Loaded file C:\Program Files\OrCAD\Layout_Plus\data\template.imp
Tue Jun 04 15:00:45 Loaded file C:\Program Files\OrCAD\Layout_Plus\data\template.imp
Tue Jun 04 15:00:50 Loaded file C:\Program Files\OrCAD\Layout_Plus\data\template.imp
Tue Jun 04 15:05:10 Saved as file BACKUP1.MAX
Tue Jun 04 15:15:10 Saved as file Z:\DESENVOLVIMENTO\NIXIE_CLOCK\HARDWARE\NIXIE.MAX
Tue Jun 04 15:15:11 Saved as file BACKUP1.MAX
Tue Jun 04 15:19:48 Saved as file Z:\DESENVOLVIMENTO\NIXIE_CLOCK\HARDWARE\NIXIE.MAX
Tue Jun 04 15:20:48 Saved as file Z:\DESENVOLVIMENTO\NIXIE_CLOCK\HARDWARE\NIXIE.MAX
Tue Jun 04 15:25:11 Saved as file BACKUP1.MAX
Tue Jun 04 15:35:11 Saved as file BACKUP1.MAX
Tue Jun 04 15:42:37 Loaded file C:\Program Files\OrCAD\Layout_Plus\data\template.imp
Tue Jun 04 15:42:37 Loaded file C:\Program Files\OrCAD\Layout_Plus\data\template.imp
Tue Jun 04 15:42:37 Loaded file C:\Program Files\OrCAD\Layout_Plus\data\template.imp
Tue Jun 04 15:42:37 Loaded file C:\Program Files\OrCAD\Layout_Plus\data\template.imp
Tue Jun 04 15:42:40 Loaded file Z:\DESENVOLVIMENTO\ORCAD_LIBS\LAYOUT\NEOCORTEX.LLB
Tue Jun 04 15:42:52 Loaded file C:\Program Files\OrCAD\Layout_Plus\data\template.imp
Tue Jun 04 15:42:55 Loaded file C:\Program Files\OrCAD\Layout_Plus\data\template.imp
Tue Jun 04 15:42:58 Loaded file C:\Program Files\OrCAD\Layout_Plus\data\template.imp
Tue Jun 04 15:43:01 Loaded file C:\Program Files\OrCAD\Layout_Plus\data\template.imp
Tue Jun 04 15:43:01 Loaded file C:\Program Files\OrCAD\Layout_Plus\data\template.imp
Tue Jun 04 15:43:40 Saved as file Z:\DESENVOLVIMENTO\NIXIE_CLOCK\HARDWARE\NIXIE.MAX
Tue Jun 04 15:48:13 Saved as file BACKUP1.MAX
Tue Jun 04 15:48:13 Saved as file Z:\DESENVOLVIMENTO\NIXIE_CLOCK\HARDWARE\NIXIE.MAX
Tue Jun 04 15:48:16 UserDiv from Layout.INI for AutoECO: 60
Tue Jun 04 15:48:16 Loaded file Z:\DESENVOLVIMENTO\NIXIE_CLOCK\HARDWARE\NIXIE.MAX
Tue Jun 04 15:48:16 Loaded file Z:\DESENVOLVIMENTO\ORCAD_LIBS\LAYOUT\NEOCORTEX.LLB
Tue Jun 04 15:48:16 Loaded file Z:\NEXHOME_HARDWARE\HARDWARE\CPU876_SMD\CPU883_V3.MAX
Tue Jun 04 15:48:16 Loaded file Z:\DESENVOLVIMENTO\BJ\COM_HUB\PLACA.MAX
Tue Jun 04 15:48:16 Loaded file Z:\DESENVOLVIMENTO\PICPCUSB\ARQUIVOS_FILOMENO\NEOCORTEX2.MAX
Tue Jun 04 15:48:16 Loaded file Z:\DESENVOLVIMENTO\PICPC_1A\RELEASE 2\RTC.LLB
Tue Jun 04 15:48:16 Loaded file Z:\DESENVOLVIMENTO\PICPC_1A\HARDWARE\ORCAD9\PICPC1.MAX
Tue Jun 04 15:48:16 Loaded file Z:\DESENVOLVIMENTO\PICPCUSB\ARQUIVOS_FILOMENO\14MAIO12\PIC_PC_2.MAX
Tue Jun 04 15:48:16 Loaded file C:\Program Files\OrCAD\Layout_Plus\library\BCON100T.llb
Tue Jun 04 15:48:16 Loaded file C:\Program Files\OrCAD\Layout_Plus\library\BCON156T.llb
Tue Jun 04 15:48:16 Loaded file C:\Program Files\OrCAD\Layout_Plus\library\BGA.llb
Tue Jun 04 15:48:16 Loaded file C:\Program Files\OrCAD\Layout_Plus\library\CLCC.llb
Tue Jun 04 15:48:16 Loaded file C:\Program Files\OrCAD\Layout_Plus\library\DCON050T.llb
Tue Jun 04 15:48:16 Loaded file C:\Program Files\OrCAD\Layout_Plus\library\DCON085T.llb
Tue Jun 04 15:48:16 Loaded file C:\Program Files\OrCAD\Layout_Plus\library\DIMM050F.llb
Tue Jun 04 15:48:16 Loaded file C:\Program Files\OrCAD\Layout_Plus\library\DIMM050T.llb
Tue Jun 04 15:48:16 Loaded file C:\Program Files\OrCAD\Layout_Plus\library\DIN.llb
Tue Jun 04 15:48:16 Loaded file C:\Program Files\OrCAD\Layout_Plus\library\DIP100B.llb
Tue Jun 04 15:48:16 Loaded file C:\Program Files\OrCAD\Layout_Plus\library\DIP100T.llb
Tue Jun 04 15:48:16 Loaded file C:\Program Files\OrCAD\Layout_Plus\library\DSUBT.llb
Tue Jun 04 15:48:16 Loaded file C:\Program Files\OrCAD\Layout_Plus\library\DSUBT_HD.LLB
Tue Jun 04 15:48:16 Loaded file C:\Program Files\OrCAD\Layout_Plus\library\ECON100T.llb
Tue Jun 04 15:48:17 Loaded file C:\Program Files\OrCAD\Layout_Plus\library\FBUS.llb
Tue Jun 04 15:48:17 Loaded file C:\Program Files\OrCAD\Layout_Plus\library\ISA.llb
Tue Jun 04 15:48:17 Loaded file C:\Program Files\OrCAD\Layout_Plus\library\JUMPER.LLB
Tue Jun 04 15:48:17 Loaded file C:\Program Files\OrCAD\Layout_Plus\library\LAYOUT.llb
Tue Jun 04 15:48:17 Loaded file C:\Program Files\OrCAD\Layout_Plus\library\LCON100T.llb
Tue Jun 04 15:48:17 Loaded file C:\Program Files\OrCAD\Layout_Plus\library\PC104.llb
Tue Jun 04 15:48:17 Loaded file C:\Program Files\OrCAD\Layout_Plus\library\PCI.llb
Tue Jun 04 15:48:17 Loaded file C:\Program Files\OrCAD\Layout_Plus\library\PCON100T.llb
Tue Jun 04 15:48:17 Loaded file C:\Program Files\OrCAD\Layout_Plus\library\PCON156T.llb
Tue Jun 04 15:48:17 Loaded file C:\Program Files\OrCAD\Layout_Plus\library\PGA.llb
Tue Jun 04 15:48:17 Loaded file C:\Program Files\OrCAD\Layout_Plus\library\PLCC.llb
Tue Jun 04 15:48:17 Loaded file C:\Program Files\OrCAD\Layout_Plus\library\QUAD.llb
Tue Jun 04 15:48:17 Loaded file C:\Program Files\OrCAD\Layout_Plus\library\QUADB.llb
Tue Jun 04 15:48:17 Loaded file C:\Program Files\OrCAD\Layout_Plus\library\RELAY.llb
Tue Jun 04 15:48:17 Loaded file C:\Program Files\OrCAD\Layout_Plus\library\RF.llb
Tue Jun 04 15:48:17 Loaded file C:\Program Files\OrCAD\Layout_Plus\library\SBUS.llb
Tue Jun 04 15:48:17 Loaded file C:\Program Files\OrCAD\Layout_Plus\library\SIMM050F.llb
Tue Jun 04 15:48:17 Loaded file C:\Program Files\OrCAD\Layout_Plus\library\SIMM050T.llb
Tue Jun 04 15:48:17 Loaded file C:\Program Files\OrCAD\Layout_Plus\library\SIMM100F.llb
Tue Jun 04 15:48:17 Loaded file C:\Program Files\OrCAD\Layout_Plus\library\SIMM100T.llb
Tue Jun 04 15:48:17 Loaded file C:\Program Files\OrCAD\Layout_Plus\library\SIP.llb
Tue Jun 04 15:48:17 Loaded file C:\Program Files\OrCAD\Layout_Plus\library\SM.llb
Tue Jun 04 15:48:17 Loaded file C:\Program Files\OrCAD\Layout_Plus\library\SOG.llb
Tue Jun 04 15:48:17 Loaded file C:\Program Files\OrCAD\Layout_Plus\library\SOJ.llb
Tue Jun 04 15:48:17 Loaded file C:\Program Files\OrCAD\Layout_Plus\library\STIFF.llb
Tue Jun 04 15:48:17 Loaded file C:\Program Files\OrCAD\Layout_Plus\library\TELE.llb
Tue Jun 04 15:48:17 Loaded file C:\Program Files\OrCAD\Layout_Plus\library\TM_AXIAL.llb
Tue Jun 04 15:48:17 Loaded file C:\Program Files\OrCAD\Layout_Plus\library\TM_CAP_P.llb
Tue Jun 04 15:48:17 Loaded file C:\Program Files\OrCAD\Layout_Plus\library\TM_CYLND.llb
Tue Jun 04 15:48:17 Loaded file C:\Program Files\OrCAD\Layout_Plus\library\TM_DIODE.llb
Tue Jun 04 15:48:17 Loaded file C:\Program Files\OrCAD\Layout_Plus\library\TM_DISC.llb
Tue Jun 04 15:48:17 Loaded file C:\Program Files\OrCAD\Layout_Plus\library\TM_RAD.llb
Tue Jun 04 15:48:17 Loaded file C:\Program Files\OrCAD\Layout_Plus\library\TO.llb
Tue Jun 04 15:48:17 Loaded file C:\Program Files\OrCAD\Layout_Plus\library\TRAINING.LLB
Tue Jun 04 15:48:17 Loaded file C:\Program Files\OrCAD\Layout_Plus\library\VRES.llb
Tue Jun 04 15:48:17 Loaded file C:\Program Files\OrCAD\Layout_Plus\library\WCON100T.llb
Tue Jun 04 15:48:17 Loaded file C:\Program Files\OrCAD\Layout_Plus\library\XT.llb
Tue Jun 04 15:48:17 Loaded file C:\Program Files\OrCAD\Layout_Plus\library\ZIGZAG.llb
Tue Jun 04 15:48:17 Saved as file Z:\DESENVOLVIMENTO\NIXIE_CLOCK\HARDWARE\NIXIE.MAX
Tue Jun 04 15:48:17 Loaded file Z:\DESENVOLVIMENTO\NIXIE_CLOCK\HARDWARE\NIXIE.MAX
Tue Jun 04 15:51:15 Loaded file C:\Program Files\OrCAD\Layout_Plus\data\template.imp
Tue Jun 04 15:51:15 Loaded file C:\Program Files\OrCAD\Layout_Plus\data\template.imp
Tue Jun 04 15:51:16 Loaded file C:\Program Files\OrCAD\Layout_Plus\data\template.imp
Tue Jun 04 15:51:16 Loaded file C:\Program Files\OrCAD\Layout_Plus\data\template.imp
Tue Jun 04 15:51:21 Loaded file C:\Program Files\OrCAD\Layout_Plus\library\TM_CYLND.llb
Tue Jun 04 15:51:24 Loaded file C:\Program Files\OrCAD\Layout_Plus\data\template.imp
Tue Jun 04 15:51:27 Loaded file C:\Program Files\OrCAD\Layout_Plus\data\template.imp
Tue Jun 04 15:51:31 Loaded file C:\Program Files\OrCAD\Layout_Plus\data\template.imp
Tue Jun 04 15:51:39 Loaded file C:\Program Files\OrCAD\Layout_Plus\data\template.imp
Tue Jun 04 15:51:39 Loaded file C:\Program Files\OrCAD\Layout_Plus\data\template.imp
Tue Jun 04 15:51:39 Loaded file C:\Program Files\OrCAD\Layout_Plus\data\template.imp
Tue Jun 04 15:51:39 Loaded file C:\Program Files\OrCAD\Layout_Plus\data\template.imp
Tue Jun 04 15:51:45 Loaded file C:\Program Files\OrCAD\Layout_Plus\library\TM_CYLND.llb
Tue Jun 04 15:51:49 Loaded file C:\Program Files\OrCAD\Layout_Plus\data\template.imp
Tue Jun 04 15:53:34 Loaded file C:\Program Files\OrCAD\Layout_Plus\data\template.imp
Tue Jun 04 15:53:34 Loaded file C:\Program Files\OrCAD\Layout_Plus\data\template.imp
Tue Jun 04 15:53:36 Loaded file Z:\DESENVOLVIMENTO\ORCAD_LIBS\LAYOUT\NEOCORTEX.LLB
Tue Jun 04 15:53:43 Loaded file C:\Program Files\OrCAD\Layout_Plus\data\template.imp
Tue Jun 04 15:59:42 Saved as file BACKUP1.MAX
Tue Jun 04 16:00:28 Loaded file C:\Program Files\OrCAD\Layout_Plus\data\template.imp
Tue Jun 04 16:00:28 Loaded file C:\Program Files\OrCAD\Layout_Plus\data\template.imp
Tue Jun 04 16:00:28 Loaded file C:\Program Files\OrCAD\Layout_Plus\data\template.imp
Tue Jun 04 16:00:28 Loaded file C:\Program Files\OrCAD\Layout_Plus\data\template.imp
Tue Jun 04 16:00:33 Loaded file C:\Program Files\OrCAD\Layout_Plus\data\template.imp
Tue Jun 04 16:00:34 Loaded file C:\Program Files\OrCAD\Layout_Plus\data\template.imp
Tue Jun 04 16:00:36 Loaded file C:\Program Files\OrCAD\Layout_Plus\data\template.imp
Tue Jun 04 16:00:37 Loaded file C:\Program Files\OrCAD\Layout_Plus\data\template.imp
Tue Jun 04 16:05:00 Loaded file C:\Program Files\OrCAD\Layout_Plus\data\template.imp
Tue Jun 04 16:05:00 Loaded file C:\Program Files\OrCAD\Layout_Plus\data\template.imp
Tue Jun 04 16:05:00 Loaded file C:\Program Files\OrCAD\Layout_Plus\data\template.imp
Tue Jun 04 16:05:00 Loaded file C:\Program Files\OrCAD\Layout_Plus\data\template.imp
Tue Jun 04 16:08:35 Saved as file Z:\DESENVOLVIMENTO\NIXIE_CLOCK\HARDWARE\NIXIE.MAX
Tue Jun 04 16:10:12 Saved as file BACKUP1.MAX
Tue Jun 04 16:10:59 Saved as file BACKUP1.MAX
Tue Jun 04 16:10:59 Saved as file BACKUP1.MAX
Tue Jun 04 16:10:59 Saved as file BACKUP1.MAX
Tue Jun 04 16:10:59 Routed 33 connections in 0 seconds.
Tue Jun 04 16:10:59 Total is now 33 out of 285 (11%).
Tue Jun 04 16:10:59 Saved as file SWEEP1.MAX
Tue Jun 04 16:11:09 Saved as file BACKUP1.MAX
Tue Jun 04 16:11:10 Saved as file BACKUP1.MAX
Tue Jun 04 16:11:10 Saved as file BACKUP1.MAX
Tue Jun 04 16:11:10 Routed 244 connections in 11 seconds.
Tue Jun 04 16:11:10 Total is now 260 out of 285 (91%).
Tue Jun 04 16:11:11 Saved as file SWEEP2.MAX
Tue Jun 04 16:11:18 No new connections routed.
Tue Jun 04 16:11:18 Total is now 260 out of 285 (91%).
Tue Jun 04 16:11:18 Saved as file SWEEP3.MAX
Tue Jun 04 16:11:44 Routed 10 connections in 25 seconds.
Tue Jun 04 16:11:44 Total is now 261 out of 285 (91%).
Tue Jun 04 16:11:44 Saved as file SWEEP4.MAX
Tue Jun 04 16:13:14 Saved as file Z:\DESENVOLVIMENTO\NIXIE_CLOCK\HARDWARE\NIXIE.MAX
Tue Jun 04 16:14:02 Saved as file backanno.max
Tue Jun 04 16:14:15 Saved as file Z:\DESENVOLVIMENTO\NIXIE_CLOCK\HARDWARE\NIXIE.MAX
Tue Jun 04 16:17:56 Saved as file BACKUP1.MAX
Tue Jun 04 16:17:56 Saved as file Z:\DESENVOLVIMENTO\NIXIE_CLOCK\HARDWARE\NIXIE.MAX
Tue Jun 04 16:17:58 UserDiv from Layout.INI for AutoECO: 60
Tue Jun 04 16:17:58 Loaded file Z:\DESENVOLVIMENTO\NIXIE_CLOCK\HARDWARE\NIXIE.MAX
Tue Jun 04 16:17:59 Loaded file Z:\DESENVOLVIMENTO\ORCAD_LIBS\LAYOUT\NEOCORTEX.LLB
Tue Jun 04 16:17:59 Loaded file Z:\NEXHOME_HARDWARE\HARDWARE\CPU876_SMD\CPU883_V3.MAX
Tue Jun 04 16:17:59 Loaded file Z:\DESENVOLVIMENTO\BJ\COM_HUB\PLACA.MAX
Tue Jun 04 16:17:59 Loaded file Z:\DESENVOLVIMENTO\PICPCUSB\ARQUIVOS_FILOMENO\NEOCORTEX2.MAX
Tue Jun 04 16:17:59 Loaded file Z:\DESENVOLVIMENTO\PICPC_1A\RELEASE 2\RTC.LLB
Tue Jun 04 16:17:59 Loaded file Z:\DESENVOLVIMENTO\PICPC_1A\HARDWARE\ORCAD9\PICPC1.MAX
Tue Jun 04 16:17:59 Loaded file Z:\DESENVOLVIMENTO\PICPCUSB\ARQUIVOS_FILOMENO\14MAIO12\PIC_PC_2.MAX
Tue Jun 04 16:17:59 Loaded file C:\Program Files\OrCAD\Layout_Plus\library\BCON100T.llb
Tue Jun 04 16:17:59 Loaded file C:\Program Files\OrCAD\Layout_Plus\library\BCON156T.llb
Tue Jun 04 16:17:59 Loaded file C:\Program Files\OrCAD\Layout_Plus\library\BGA.llb
Tue Jun 04 16:17:59 Loaded file C:\Program Files\OrCAD\Layout_Plus\library\CLCC.llb
Tue Jun 04 16:17:59 Loaded file C:\Program Files\OrCAD\Layout_Plus\library\DCON050T.llb
Tue Jun 04 16:17:59 Loaded file C:\Program Files\OrCAD\Layout_Plus\library\DCON085T.llb
Tue Jun 04 16:17:59 Loaded file C:\Program Files\OrCAD\Layout_Plus\library\DIMM050F.llb
Tue Jun 04 16:17:59 Loaded file C:\Program Files\OrCAD\Layout_Plus\library\DIMM050T.llb
Tue Jun 04 16:17:59 Loaded file C:\Program Files\OrCAD\Layout_Plus\library\DIN.llb
Tue Jun 04 16:17:59 Loaded file C:\Program Files\OrCAD\Layout_Plus\library\DIP100B.llb
Tue Jun 04 16:17:59 Loaded file C:\Program Files\OrCAD\Layout_Plus\library\DIP100T.llb
Tue Jun 04 16:17:59 Loaded file C:\Program Files\OrCAD\Layout_Plus\library\DSUBT.llb
Tue Jun 04 16:17:59 Loaded file C:\Program Files\OrCAD\Layout_Plus\library\DSUBT_HD.LLB
Tue Jun 04 16:17:59 Loaded file C:\Program Files\OrCAD\Layout_Plus\library\ECON100T.llb
Tue Jun 04 16:17:59 Loaded file C:\Program Files\OrCAD\Layout_Plus\library\FBUS.llb
Tue Jun 04 16:17:59 Loaded file C:\Program Files\OrCAD\Layout_Plus\library\ISA.llb
Tue Jun 04 16:17:59 Loaded file C:\Program Files\OrCAD\Layout_Plus\library\JUMPER.LLB
Tue Jun 04 16:17:59 Loaded file C:\Program Files\OrCAD\Layout_Plus\library\LAYOUT.llb
Tue Jun 04 16:17:59 Loaded file C:\Program Files\OrCAD\Layout_Plus\library\LCON100T.llb
Tue Jun 04 16:17:59 Loaded file C:\Program Files\OrCAD\Layout_Plus\library\PC104.llb
Tue Jun 04 16:17:59 Loaded file C:\Program Files\OrCAD\Layout_Plus\library\PCI.llb
Tue Jun 04 16:17:59 Loaded file C:\Program Files\OrCAD\Layout_Plus\library\PCON100T.llb
Tue Jun 04 16:17:59 Loaded file C:\Program Files\OrCAD\Layout_Plus\library\PCON156T.llb
Tue Jun 04 16:17:59 Loaded file C:\Program Files\OrCAD\Layout_Plus\library\PGA.llb
Tue Jun 04 16:17:59 Loaded file C:\Program Files\OrCAD\Layout_Plus\library\PLCC.llb
Tue Jun 04 16:17:59 Loaded file C:\Program Files\OrCAD\Layout_Plus\library\QUAD.llb
Tue Jun 04 16:17:59 Loaded file C:\Program Files\OrCAD\Layout_Plus\library\QUADB.llb
Tue Jun 04 16:17:59 Loaded file C:\Program Files\OrCAD\Layout_Plus\library\RELAY.llb
Tue Jun 04 16:17:59 Loaded file C:\Program Files\OrCAD\Layout_Plus\library\RF.llb
Tue Jun 04 16:17:59 Loaded file C:\Program Files\OrCAD\Layout_Plus\library\SBUS.llb
Tue Jun 04 16:17:59 Loaded file C:\Program Files\OrCAD\Layout_Plus\library\SIMM050F.llb
Tue Jun 04 16:17:59 Loaded file C:\Program Files\OrCAD\Layout_Plus\library\SIMM050T.llb
Tue Jun 04 16:17:59 Loaded file C:\Program Files\OrCAD\Layout_Plus\library\SIMM100F.llb
Tue Jun 04 16:17:59 Loaded file C:\Program Files\OrCAD\Layout_Plus\library\SIMM100T.llb
Tue Jun 04 16:17:59 Loaded file C:\Program Files\OrCAD\Layout_Plus\library\SIP.llb
Tue Jun 04 16:17:59 Loaded file C:\Program Files\OrCAD\Layout_Plus\library\SM.llb
Tue Jun 04 16:17:59 Loaded file C:\Program Files\OrCAD\Layout_Plus\library\SOG.llb
Tue Jun 04 16:17:59 Loaded file C:\Program Files\OrCAD\Layout_Plus\library\SOJ.llb
Tue Jun 04 16:17:59 Loaded file C:\Program Files\OrCAD\Layout_Plus\library\STIFF.llb
Tue Jun 04 16:17:59 Loaded file C:\Program Files\OrCAD\Layout_Plus\library\TELE.llb
Tue Jun 04 16:17:59 Loaded file C:\Program Files\OrCAD\Layout_Plus\library\TM_AXIAL.llb
Tue Jun 04 16:17:59 Loaded file C:\Program Files\OrCAD\Layout_Plus\library\TM_CAP_P.llb
Tue Jun 04 16:17:59 Loaded file C:\Program Files\OrCAD\Layout_Plus\library\TM_CYLND.llb
Tue Jun 04 16:17:59 Loaded file C:\Program Files\OrCAD\Layout_Plus\library\TM_DIODE.llb
Tue Jun 04 16:17:59 Loaded file C:\Program Files\OrCAD\Layout_Plus\library\TM_DISC.llb
Tue Jun 04 16:17:59 Loaded file C:\Program Files\OrCAD\Layout_Plus\library\TM_RAD.llb
Tue Jun 04 16:17:59 Loaded file C:\Program Files\OrCAD\Layout_Plus\library\TO.llb
Tue Jun 04 16:17:59 Loaded file C:\Program Files\OrCAD\Layout_Plus\library\TRAINING.LLB
Tue Jun 04 16:17:59 Loaded file C:\Program Files\OrCAD\Layout_Plus\library\VRES.llb
Tue Jun 04 16:17:59 Loaded file C:\Program Files\OrCAD\Layout_Plus\library\WCON100T.llb
Tue Jun 04 16:17:59 Loaded file C:\Program Files\OrCAD\Layout_Plus\library\XT.llb
Tue Jun 04 16:17:59 Loaded file C:\Program Files\OrCAD\Layout_Plus\library\ZIGZAG.llb
Tue Jun 04 16:18:00 Saved as file Z:\DESENVOLVIMENTO\NIXIE_CLOCK\HARDWARE\NIXIE.MAX
Tue Jun 04 16:18:00 Loaded file Z:\DESENVOLVIMENTO\NIXIE_CLOCK\HARDWARE\NIXIE.MAX
Tue Jun 04 16:19:27 Saved as file BACKUP1.MAX
Tue Jun 04 16:19:27 Saved as file BACKUP1.MAX
Tue Jun 04 16:19:28 Saved as file BACKUP1.MAX
Tue Jun 04 16:19:28 Routed 27 connections in 0 seconds.
Tue Jun 04 16:19:28 Total is now 27 out of 290 (9%).
Tue Jun 04 16:19:28 Saved as file SWEEP1.MAX
Tue Jun 04 16:19:43 Saved as file BACKUP1.MAX
Tue Jun 04 16:19:44 Saved as file BACKUP1.MAX
Tue Jun 04 16:19:45 Saved as file BACKUP1.MAX
Tue Jun 04 16:19:45 Routed 257 connections in 17 seconds.
Tue Jun 04 16:19:45 Total is now 264 out of 290 (91%).
Tue Jun 04 16:19:45 Saved as file SWEEP2.MAX
Tue Jun 04 16:19:53 Routed 2 connections in 7 seconds.
Tue Jun 04 16:19:53 Total is now 266 out of 290 (91%).
Tue Jun 04 16:19:53 Saved as file SWEEP3.MAX
Tue Jun 04 16:20:49 Saved as file BACKUP1.MAX
Tue Jun 04 16:20:49 Saved as file BACKUP1.MAX
Tue Jun 04 16:20:49 Saved as file BACKUP1.MAX
Tue Jun 04 16:20:49 Routed 21 connections in 0 seconds.
Tue Jun 04 16:20:49 Total is now 21 out of 290 (7%).
Tue Jun 04 16:20:49 Saved as file SWEEP1.MAX
Tue Jun 04 16:21:03 Saved as file BACKUP1.MAX
Tue Jun 04 16:21:06 Saved as file BACKUP1.MAX
Tue Jun 04 16:21:07 Saved as file BACKUP1.MAX
Tue Jun 04 16:21:07 Routed 277 connections in 17 seconds.
Tue Jun 04 16:21:07 Total is now 263 out of 290 (90%).
Tue Jun 04 16:21:07 Saved as file SWEEP2.MAX
Tue Jun 04 16:21:18 Routed 1 connections in 10 seconds.
Tue Jun 04 16:21:18 Total is now 264 out of 290 (91%).
Tue Jun 04 16:21:18 Saved as file SWEEP3.MAX
Tue Jun 04 16:22:06 Routed 12 connections in 47 seconds.
Tue Jun 04 16:22:06 Total is now 264 out of 290 (91%).
Tue Jun 04 16:22:06 Saved as file SWEEP4.MAX
Tue Jun 04 16:28:25 Saved as file BACKUP1.MAX
Tue Jun 04 16:34:59 Saved as file BACKUP1.MAX
Tue Jun 04 16:34:59 Saved as file BACKUP1.MAX
Tue Jun 04 16:34:59 Saved as file BACKUP1.MAX
Tue Jun 04 16:34:59 Saved as file BACKUP1.MAX
Tue Jun 04 16:34:59 Routed 22 connections in 0 seconds.
Tue Jun 04 16:34:59 Total is now 44 out of 292 (15%).
Tue Jun 04 16:35:00 Saved as file SWEEP1.MAX
Tue Jun 04 16:35:07 Saved as file BACKUP1.MAX
Tue Jun 04 16:35:07 Saved as file BACKUP1.MAX
Tue Jun 04 16:35:10 Saved as file BACKUP1.MAX
Tue Jun 04 16:35:11 Saved as file BACKUP1.MAX
Tue Jun 04 16:35:11 Routed 300 connections in 10 seconds.
Tue Jun 04 16:35:11 Total is now 287 out of 292 (98%).
Tue Jun 04 16:35:11 Saved as file SWEEP2.MAX
Tue Jun 04 16:35:16 No new connections routed.
Tue Jun 04 16:35:16 Total is now 287 out of 292 (98%).
Tue Jun 04 16:35:16 Saved as file SWEEP3.MAX
Tue Jun 04 16:35:50 Routed 4 connections in 34 seconds.
Tue Jun 04 16:35:50 Total is now 288 out of 292 (98%).
Tue Jun 04 16:35:50 Saved as file SWEEP4.MAX
Tue Jun 04 16:36:01 Routed 1 connections in 10 seconds.
Tue Jun 04 16:36:01 Total is now 288 out of 292 (98%).
Tue Jun 04 16:36:01 Saved as file SWEEP5.MAX
Tue Jun 04 16:37:26 Saved as file BACKUP1.MAX
Tue Jun 04 16:37:26 Saved as file BACKUP1.MAX
Tue Jun 04 16:37:26 Saved as file BACKUP1.MAX
Tue Jun 04 16:37:26 Routed 18 connections in 0 seconds.
Tue Jun 04 16:37:26 Total is now 18 out of 252 (7%).
Tue Jun 04 16:37:26 Saved as file SWEEP1.MAX
Tue Jun 04 16:37:32 Saved as file BACKUP1.MAX
Tue Jun 04 16:37:33 Saved as file BACKUP1.MAX
Tue Jun 04 16:37:37 Saved as file BACKUP1.MAX
Tue Jun 04 16:37:37 Routed 264 connections in 10 seconds.
Tue Jun 04 16:37:37 Total is now 248 out of 252 (98%).
Tue Jun 04 16:37:37 Saved as file SWEEP2.MAX
Tue Jun 04 16:37:38 Routed 2 connections in 0 seconds.
Tue Jun 04 16:37:38 Total is now 250 out of 252 (99%).
Tue Jun 04 16:37:38 Saved as file SWEEP3.MAX
Tue Jun 04 16:37:39 Routed 1 connections in 0 seconds.
Tue Jun 04 16:37:39 Total is now 251 out of 252 (99%).
Tue Jun 04 16:37:39 Saved as file SWEEP4.MAX
Tue Jun 04 16:37:40 No new connections routed.
Tue Jun 04 16:37:40 Total is now 251 out of 252 (99%).
Tue Jun 04 16:37:40 Saved as file SWEEP5.MAX
Tue Jun 04 16:38:25 Saved as file BACKUP1.MAX
Tue Jun 04 16:41:05 Saved as file BACKUP1.MAX
Tue Jun 04 16:41:05 Saved as file BACKUP1.MAX
Tue Jun 04 16:41:05 Saved as file BACKUP1.MAX
Tue Jun 04 16:41:05 Routed 8 connections in 0 seconds.
Tue Jun 04 16:41:05 Total is now 8 out of 252 (3%).
Tue Jun 04 16:41:05 Saved as file SWEEP1.MAX
Tue Jun 04 16:41:09 Saved as file BACKUP1.MAX
Tue Jun 04 16:41:10 Saved as file BACKUP1.MAX
Tue Jun 04 16:41:10 Saved as file BACKUP1.MAX
Tue Jun 04 16:41:10 Routed 261 connections in 4 seconds.
Tue Jun 04 16:41:10 Total is now 251 out of 252 (99%).
Tue Jun 04 16:41:10 Saved as file SWEEP2.MAX
Tue Jun 04 16:41:10 No new connections routed.
Tue Jun 04 16:41:10 Total is now 251 out of 252 (99%).
Tue Jun 04 16:41:11 Saved as file SWEEP3.MAX
Tue Jun 04 16:41:11 No new connections routed.
Tue Jun 04 16:41:11 Total is now 251 out of 252 (99%).
Tue Jun 04 16:41:11 Saved as file SWEEP4.MAX
Tue Jun 04 16:41:11 No new connections routed.
Tue Jun 04 16:41:11 Total is now 251 out of 252 (99%).
Tue Jun 04 16:41:11 Saved as file SWEEP5.MAX
Tue Jun 04 16:43:07 Saved as file Z:\DESENVOLVIMENTO\NIXIE_CLOCK\HARDWARE\NIXIE.MAX
Tue Jun 04 16:44:35 Saved as file Z:\DESENVOLVIMENTO\NIXIE_CLOCK\HARDWARE\NIXIE.MAX
Tue Jun 04 16:45:51 Saved as file Z:\DESENVOLVIMENTO\NIXIE_CLOCK\HARDWARE\NIXIE.MAX
Mon Jun 10 10:05:59 Saved as file BACKUP1.MAX
Mon Jun 10 10:15:58 Saved as file BACKUP1.MAX
Mon Jun 10 10:25:58 Saved as file BACKUP1.MAX
Mon Jun 10 10:35:58 Saved as file BACKUP1.MAX
Mon Jun 10 10:45:58 Saved as file BACKUP1.MAX
Mon Jun 10 10:55:59 Saved as file BACKUP1.MAX
Mon Jun 10 11:05:59 Saved as file BACKUP1.MAX
Mon Jun 10 11:15:59 Saved as file BACKUP1.MAX
Mon Jun 10 11:25:59 Saved as file BACKUP1.MAX
Mon Jun 10 11:35:59 Saved as file BACKUP1.MAX
Mon Jun 10 11:45:59 Saved as file BACKUP1.MAX
Mon Jun 10 11:55:59 Saved as file BACKUP1.MAX
Mon Jun 10 12:05:59 Saved as file BACKUP1.MAX
Mon Jun 10 12:15:59 Saved as file BACKUP1.MAX
Mon Jun 10 12:25:59 Saved as file BACKUP1.MAX
Mon Jun 10 12:35:59 Saved as file BACKUP1.MAX
Mon Jun 10 12:45:59 Saved as file BACKUP1.MAX
Mon Jun 10 12:55:59 Saved as file BACKUP1.MAX
Mon Jun 10 13:05:59 Saved as file BACKUP1.MAX
Mon Jun 10 13:15:59 Saved as file BACKUP1.MAX
Mon Jun 10 13:25:59 Saved as file BACKUP1.MAX
Mon Jun 10 13:36:00 Saved as file BACKUP1.MAX
Mon Jun 10 13:46:00 Saved as file BACKUP1.MAX
Mon Jun 10 13:56:00 Saved as file BACKUP1.MAX
Mon Jun 10 14:06:00 Saved as file BACKUP1.MAX
Mon Jun 10 14:16:00 Saved as file BACKUP1.MAX
Mon Jun 10 14:26:00 Saved as file BACKUP1.MAX
Mon Jun 10 14:36:00 Saved as file BACKUP1.MAX
Mon Jun 10 14:45:30 Saved as file Z:\DESENVOLVIMENTO\NIXIE_CLOCK\HARDWARE\NIXIE_V2.MAX
Mon Jun 10 14:46:00 Saved as file BACKUP1.MAX
Mon Jun 10 14:56:30 Saved as file BACKUP1.MAX
Mon Jun 10 15:03:50 Loaded file C:\Program Files\OrCAD\Layout_Plus\data\template.imp
Mon Jun 10 15:03:50 Loaded file C:\Program Files\OrCAD\Layout_Plus\data\template.imp
Mon Jun 10 15:03:50 Loaded file C:\Program Files\OrCAD\Layout_Plus\data\template.imp
Mon Jun 10 15:03:50 Loaded file C:\Program Files\OrCAD\Layout_Plus\data\template.imp
Mon Jun 10 15:03:52 Loaded file Z:\DESENVOLVIMENTO\ORCAD_LIBS\LAYOUT\NEOCORTEX.LLB
Mon Jun 10 15:03:56 Loaded file C:\Program Files\OrCAD\Layout_Plus\data\template.imp
Mon Jun 10 15:04:22 Loaded file C:\Program Files\OrCAD\Layout_Plus\data\template.imp
Mon Jun 10 15:04:22 Loaded file C:\Program Files\OrCAD\Layout_Plus\data\template.imp
Mon Jun 10 15:04:22 Loaded file C:\Program Files\OrCAD\Layout_Plus\data\template.imp
Mon Jun 10 15:04:22 Loaded file C:\Program Files\OrCAD\Layout_Plus\data\template.imp
Mon Jun 10 15:04:30 Loaded file Z:\DESENVOLVIMENTO\ORCAD_LIBS\LAYOUT\NEOCORTEX.LLB
Mon Jun 10 15:04:36 Loaded file C:\Program Files\OrCAD\Layout_Plus\data\template.imp
Mon Jun 10 15:07:30 Saved as file BACKUP1.MAX
Mon Jun 10 15:14:05 Saved as file BACKUP1.MAX
Mon Jun 10 15:14:05 Routed 3 connections in 0 seconds.
Mon Jun 10 15:14:05 Total is now 3 out of 251 (1%).
Mon Jun 10 15:14:05 Saved as file SWEEP1.MAX
Mon Jun 10 15:14:15 Saved as file BACKUP1.MAX
Mon Jun 10 15:14:15 Routed 242 connections in 10 seconds.
Mon Jun 10 15:14:15 Total is now 245 out of 251 (97%).
Mon Jun 10 15:14:16 Saved as file SWEEP2.MAX
Mon Jun 10 15:14:21 Routed 2 connections in 4 seconds.
Mon Jun 10 15:14:21 Total is now 247 out of 251 (98%).
Mon Jun 10 15:14:21 Saved as file SWEEP3.MAX
Mon Jun 10 15:17:30 Saved as file BACKUP1.MAX
Mon Jun 10 15:17:30 Saved as file BACKUP1.MAX
Mon Jun 10 15:17:31 Saved as file BACKUP1.MAX
Mon Jun 10 15:17:31 Saved as file BACKUP1.MAX
Mon Jun 10 15:17:31 No new connections routed.
Mon Jun 10 15:17:31 Total is now 0 out of 251 (0%).
Mon Jun 10 15:17:31 Saved as file SWEEP1.MAX
Mon Jun 10 15:17:41 Saved as file BACKUP1.MAX
Mon Jun 10 15:17:44 Saved as file BACKUP1.MAX
Mon Jun 10 15:17:48 Saved as file BACKUP1.MAX
Mon Jun 10 15:17:48 Routed 293 connections in 17 seconds.
Mon Jun 10 15:17:48 Total is now 248 out of 251 (98%).
Mon Jun 10 15:17:48 Saved as file SWEEP2.MAX
Mon Jun 10 15:17:50 Routed 1 connections in 2 seconds.
Mon Jun 10 15:17:50 Total is now 249 out of 251 (99%).
Mon Jun 10 15:17:51 Saved as file SWEEP3.MAX
Mon Jun 10 15:17:51 Routed 1 connections in 0 seconds.
Mon Jun 10 15:17:51 Total is now 250 out of 251 (99%).
Mon Jun 10 15:17:52 Saved as file SWEEP4.MAX
Mon Jun 10 15:17:52 No new connections routed.
Mon Jun 10 15:17:52 Total is now 250 out of 251 (99%).
Mon Jun 10 15:17:52 Saved as file SWEEP5.MAX
Mon Jun 10 15:20:39 Loaded file C:\Program Files\OrCAD\Layout_Plus\data\template.imp
Mon Jun 10 15:20:39 Loaded file C:\Program Files\OrCAD\Layout_Plus\data\template.imp
Mon Jun 10 15:20:42 Loaded file Z:\DESENVOLVIMENTO\ORCAD_LIBS\LAYOUT\NEOCORTEX.LLB
Mon Jun 10 15:20:50 Loaded file C:\Program Files\OrCAD\Layout_Plus\data\template.imp
Mon Jun 10 15:21:08 Loaded file Z:\DESENVOLVIMENTO\ORCAD_LIBS\LAYOUT\NEOCORTEX.LLB
Mon Jun 10 15:21:08 Saved as file Z:\DESENVOLVIMENTO\ORCAD_LIBS\LAYOUT\NEOCORTEX.LLB
Mon Jun 10 15:21:16 Error code 5226.074 (2)
Mon Jun 10 15:21:16 Windows which were open at time of error:
Mon Jun 10 15:21:16 	ActiveWindow: &Design
Mon Jun 10 15:21:16 	Icon: &Components
Mon Jun 10 15:21:16 	Icon: &Nets
Mon Jun 10 15:21:16 	Icon: Post Proces&s
Mon Jun 10 15:21:16 End-of-list
Mon Jun 10 15:21:17 Loaded file Z:\DESENVOLVIMENTO\NIXIE_CLOCK\HARDWARE\NIXIE_V2.MAX
Mon Jun 10 15:22:13 Loaded file C:\PROGRAM FILES\ORCAD\LAYOUT_PLUS\data\template.imp
Mon Jun 10 15:22:13 Loaded file C:\PROGRAM FILES\ORCAD\LAYOUT_PLUS\data\template.imp
Mon Jun 10 15:22:13 Loaded file C:\PROGRAM FILES\ORCAD\LAYOUT_PLUS\data\template.imp
Mon Jun 10 15:22:13 Loaded file C:\PROGRAM FILES\ORCAD\LAYOUT_PLUS\data\template.imp
Mon Jun 10 15:22:23 Loaded file Z:\DESENVOLVIMENTO\ORCAD_LIBS\LAYOUT\NEOCORTEX.LLB
Mon Jun 10 15:22:30 Loaded file C:\PROGRAM FILES\ORCAD\LAYOUT_PLUS\data\template.imp
Mon Jun 10 15:25:48 Loaded file Z:\DESENVOLVIMENTO\ORCAD_LIBS\LAYOUT\NEOCORTEX.LLB
Mon Jun 10 15:36:40 Saved as file BACKUP1.MAX
Mon Jun 10 15:39:37 Loaded file C:\Program Files\OrCAD\Layout_Plus\data\template.imp
Mon Jun 10 15:39:37 Loaded file C:\Program Files\OrCAD\Layout_Plus\data\template.imp
Mon Jun 10 15:39:37 Loaded file C:\Program Files\OrCAD\Layout_Plus\data\template.imp
Mon Jun 10 15:39:37 Loaded file C:\Program Files\OrCAD\Layout_Plus\data\template.imp
Mon Jun 10 15:39:38 Loaded file Z:\DESENVOLVIMENTO\ORCAD_LIBS\LAYOUT\NEOCORTEX.LLB
Mon Jun 10 15:40:09 Loaded file C:\Program Files\OrCAD\Layout_Plus\data\template.imp
Mon Jun 10 15:40:57 Loaded file C:\Program Files\OrCAD\Layout_Plus\data\template.imp
Mon Jun 10 15:40:57 Loaded file C:\Program Files\OrCAD\Layout_Plus\data\template.imp
Mon Jun 10 15:40:57 Loaded file C:\Program Files\OrCAD\Layout_Plus\data\template.imp
Mon Jun 10 15:40:57 Loaded file C:\Program Files\OrCAD\Layout_Plus\data\template.imp
Mon Jun 10 15:40:58 Loaded file Z:\DESENVOLVIMENTO\ORCAD_LIBS\LAYOUT\NEOCORTEX.LLB
Mon Jun 10 15:41:01 Loaded file C:\Program Files\OrCAD\Layout_Plus\data\template.imp
Mon Jun 10 15:41:06 Saved as file Z:\DESENVOLVIMENTO\NIXIE_CLOCK\HARDWARE\NIXIE_V2.MAX
Mon Jun 10 15:47:40 Saved as file BACKUP1.MAX
Mon Jun 10 15:49:14 Saved as file BACKUP1.MAX
Mon Jun 10 15:49:14 Saved as file BACKUP1.MAX
Mon Jun 10 15:49:14 Saved as file BACKUP1.MAX
Mon Jun 10 15:49:15 Saved as file BACKUP1.MAX
Mon Jun 10 15:49:15 Saved as file BACKUP1.MAX
Mon Jun 10 15:49:15 Saved as file BACKUP1.MAX
Mon Jun 10 15:49:15 Saved as file BACKUP1.MAX
Mon Jun 10 15:49:15 Saved as file BACKUP1.MAX
Mon Jun 10 15:49:16 Saved as file BACKUP1.MAX
Mon Jun 10 15:49:16 Routed 19 connections in 1 seconds.
Mon Jun 10 15:49:16 Total is now 19 out of 251 (7%).
Mon Jun 10 15:49:16 Saved as file SWEEP1.MAX
Mon Jun 10 15:49:26 Saved as file BACKUP1.MAX
Mon Jun 10 15:49:27 Saved as file BACKUP1.MAX
Mon Jun 10 15:49:27 Saved as file BACKUP1.MAX
Mon Jun 10 15:49:28 Saved as file BACKUP1.MAX
Mon Jun 10 15:49:28 Saved as file BACKUP1.MAX
Mon Jun 10 15:49:28 Saved as file BACKUP1.MAX
Mon Jun 10 15:49:30 Saved as file BACKUP1.MAX
Mon Jun 10 15:49:30 Saved as file BACKUP1.MAX
Mon Jun 10 15:49:30 Saved as file BACKUP1.MAX
Mon Jun 10 15:49:30 Routed 266 connections in 14 seconds.
Mon Jun 10 15:49:30 Total is now 250 out of 251 (99%).
Mon Jun 10 15:49:31 Saved as file SWEEP2.MAX
Mon Jun 10 15:49:31 Routed 1 connections in 0 seconds.
Mon Jun 10 15:49:31 Total is now 251 out of 251 (100%).
Mon Jun 10 15:49:32 Saved as file SWEEP3.MAX
Mon Jun 10 15:49:32 No new connections routed.
Mon Jun 10 15:49:32 Total is now 251 out of 251 (100%).
Mon Jun 10 15:49:32 Saved as file SWEEP4.MAX
Mon Jun 10 15:49:32 No new connections routed.
Mon Jun 10 15:49:32 Total is now 251 out of 251 (100%).
Mon Jun 10 15:49:32 Saved as file SWEEP5.MAX
Mon Jun 10 15:49:48 Saved as file Z:\DESENVOLVIMENTO\NIXIE_CLOCK\HARDWARE\NIXIE_V2.MAX
Mon Jun 10 15:51:37 Saved as file Z:\DESENVOLVIMENTO\NIXIE_CLOCK\HARDWARE\NIXIE_V2.MAX
Mon Jun 10 15:52:16 Saved as file Z:\DESENVOLVIMENTO\NIXIE_CLOCK\HARDWARE\NIXIE_V2.MAX
Mon Jun 10 15:53:50 Saved as file Z:\DESENVOLVIMENTO\NIXIE_CLOCK\HARDWARE\NIXIE_V2.MAX
Mon Jun 10 15:58:10 Saved as file BACKUP1.MAX
Mon Jun 10 16:08:10 Saved as file BACKUP1.MAX
Mon Jun 10 16:09:21 Saved as file Z:\DESENVOLVIMENTO\NIXIE_CLOCK\HARDWARE\NIXIE_V2.MAX
Mon Jun 10 16:10:56 Saved as file BACKUP1.MAX
Mon Jun 10 16:10:56 Saved as file BACKUP1.MAX
Mon Jun 10 16:10:56 Saved as file BACKUP1.MAX
Mon Jun 10 16:10:56 Routed 13 connections in 0 seconds.
Mon Jun 10 16:10:56 Total is now 13 out of 251 (5%).
Mon Jun 10 16:10:56 Saved as file SWEEP1.MAX
Mon Jun 10 16:11:16 Saved as file BACKUP1.MAX
Mon Jun 10 16:11:20 Saved as file BACKUP1.MAX
Mon Jun 10 16:11:34 Saved as file BACKUP1.MAX
Mon Jun 10 16:11:34 Routed 276 connections in 38 seconds.
Mon Jun 10 16:11:34 Total is now 245 out of 251 (97%).
Mon Jun 10 16:11:35 Saved as file SWEEP2.MAX
Mon Jun 10 16:11:40 Routed 2 connections in 5 seconds.
Mon Jun 10 16:11:40 Total is now 247 out of 251 (98%).
Mon Jun 10 16:11:40 Saved as file SWEEP3.MAX
Mon Jun 10 16:13:01 Saved as file BACKUP1.MAX
Mon Jun 10 16:13:01 Saved as file BACKUP1.MAX
Mon Jun 10 16:13:01 Saved as file BACKUP1.MAX
Mon Jun 10 16:13:01 Routed 16 connections in 0 seconds.
Mon Jun 10 16:13:01 Total is now 16 out of 251 (6%).
Mon Jun 10 16:13:01 Saved as file SWEEP1.MAX
Mon Jun 10 16:13:28 Saved as file BACKUP1.MAX
Mon Jun 10 16:13:35 Saved as file BACKUP1.MAX
Mon Jun 10 16:13:40 Saved as file BACKUP1.MAX
Mon Jun 10 16:13:40 Routed 262 connections in 38 seconds.
Mon Jun 10 16:13:40 Total is now 240 out of 251 (95%).
Mon Jun 10 16:13:40 Saved as file SWEEP2.MAX
Mon Jun 10 16:14:10 Saved as file BACKUP1.MAX
Mon Jun 10 16:14:10 Routed 6 connections in 0 seconds.
Mon Jun 10 16:14:10 Total is now 6 out of 251 (2%).
Mon Jun 10 16:14:11 Saved as file SWEEP1.MAX
Mon Jun 10 16:14:24 Saved as file BACKUP1.MAX
Mon Jun 10 16:14:24 Routed 212 connections in 12 seconds.
Mon Jun 10 16:14:24 Total is now 218 out of 251 (86%).
Mon Jun 10 16:14:24 Saved as file SWEEP2.MAX
Mon Jun 10 16:14:38 Routed 6 connections in 14 seconds.
Mon Jun 10 16:14:38 Total is now 224 out of 251 (89%).
Mon Jun 10 16:14:38 Saved as file SWEEP3.MAX
Mon Jun 10 16:16:05 Saved as file BACKUP1.MAX
Mon Jun 10 16:16:06 Saved as file BACKUP1.MAX
Mon Jun 10 16:16:06 Saved as file BACKUP1.MAX
Mon Jun 10 16:16:06 Routed 17 connections in 0 seconds.
Mon Jun 10 16:16:06 Total is now 17 out of 251 (6%).
Mon Jun 10 16:16:06 Saved as file SWEEP1.MAX
Mon Jun 10 16:16:29 Saved as file BACKUP1.MAX
Mon Jun 10 16:16:35 Saved as file BACKUP1.MAX
Mon Jun 10 16:16:41 Saved as file BACKUP1.MAX
Mon Jun 10 16:16:41 Routed 259 connections in 35 seconds.
Mon Jun 10 16:16:41 Total is now 236 out of 251 (94%).
Mon Jun 10 16:16:41 Saved as file SWEEP2.MAX
Mon Jun 10 16:16:58 Routed 6 connections in 16 seconds.
Mon Jun 10 16:16:58 Total is now 242 out of 251 (96%).
Mon Jun 10 16:16:58 Saved as file SWEEP3.MAX
Mon Jun 10 16:21:34 Saved as file Z:\DESENVOLVIMENTO\NIXIE_CLOCK\HARDWARE\NIXIE_V2.MAX
Mon Jun 10 16:29:53 Saved as file BACKUP1.MAX
Mon Jun 10 16:39:51 Saved as file BACKUP1.MAX
Mon Jun 10 16:49:51 Saved as file BACKUP1.MAX
Mon Jun 10 16:59:51 Saved as file BACKUP1.MAX
Mon Jun 10 17:09:51 Saved as file BACKUP1.MAX
Mon Jun 10 17:19:51 Saved as file BACKUP1.MAX
Mon Jun 10 17:29:51 Saved as file BACKUP1.MAX
Mon Jun 10 17:39:51 Saved as file BACKUP1.MAX
Mon Jun 10 17:49:51 Saved as file BACKUP1.MAX
Mon Jun 10 17:59:52 Saved as file BACKUP1.MAX
Mon Jun 10 18:09:52 Saved as file BACKUP1.MAX
Mon Jun 10 18:19:52 Saved as file BACKUP1.MAX
Mon Jun 10 18:29:52 Saved as file BACKUP1.MAX
Mon Jun 10 18:39:52 Saved as file BACKUP1.MAX
Mon Jun 10 18:49:52 Saved as file BACKUP1.MAX
Mon Jun 10 18:59:52 Saved as file BACKUP1.MAX
Mon Jun 10 19:09:52 Saved as file BACKUP1.MAX
Mon Jun 10 19:19:52 Saved as file BACKUP1.MAX
Mon Jun 10 19:29:52 Saved as file BACKUP1.MAX
Mon Jun 10 19:39:52 Saved as file BACKUP1.MAX
Mon Jun 10 19:49:52 Saved as file BACKUP1.MAX
Mon Jun 10 19:59:52 Saved as file BACKUP1.MAX
Mon Jun 10 20:09:52 Saved as file BACKUP1.MAX
Mon Jun 10 20:19:52 Saved as file BACKUP1.MAX
Mon Jun 10 20:29:53 Saved as file BACKUP1.MAX
Mon Jun 10 20:39:53 Saved as file BACKUP1.MAX
Mon Jun 10 20:49:53 Saved as file BACKUP1.MAX
Mon Jun 10 20:59:53 Saved as file BACKUP1.MAX
Mon Jun 10 21:09:53 Saved as file BACKUP1.MAX
Mon Jun 10 21:19:53 Saved as file BACKUP1.MAX
Mon Jun 10 21:29:53 Saved as file BACKUP1.MAX
Mon Jun 10 21:39:53 Saved as file BACKUP1.MAX
Mon Jun 10 21:49:53 Saved as file BACKUP1.MAX
Mon Jun 10 21:59:53 Saved as file BACKUP1.MAX
Mon Jun 10 22:09:53 Saved as file BACKUP1.MAX
Mon Jun 10 22:19:53 Saved as file BACKUP1.MAX
Mon Jun 10 22:29:53 Saved as file BACKUP1.MAX
Mon Jun 10 22:39:53 Saved as file BACKUP1.MAX
Mon Jun 10 22:49:53 Saved as file BACKUP1.MAX
Mon Jun 10 22:59:53 Saved as file BACKUP1.MAX
Mon Jun 10 23:09:54 Saved as file BACKUP1.MAX
Mon Jun 10 23:19:54 Saved as file BACKUP1.MAX
Mon Jun 10 23:29:54 Saved as file BACKUP1.MAX
Mon Jun 10 23:39:54 Saved as file BACKUP1.MAX
Mon Jun 10 23:49:54 Saved as file BACKUP1.MAX
Mon Jun 10 23:59:54 Saved as file BACKUP1.MAX
Tue Jun 11 00:09:54 Saved as file BACKUP1.MAX
Tue Jun 11 00:19:54 Saved as file BACKUP1.MAX
Tue Jun 11 00:29:55 Saved as file BACKUP1.MAX
Tue Jun 11 00:39:54 Saved as file BACKUP1.MAX
Tue Jun 11 00:49:54 Saved as file BACKUP1.MAX
Tue Jun 11 00:59:54 Saved as file BACKUP1.MAX
Tue Jun 11 01:09:54 Saved as file BACKUP1.MAX
Tue Jun 11 01:19:54 Saved as file BACKUP1.MAX
Tue Jun 11 01:29:54 Saved as file BACKUP1.MAX
Tue Jun 11 01:39:54 Saved as file BACKUP1.MAX
Tue Jun 11 01:49:55 Saved as file BACKUP1.MAX
Tue Jun 11 01:59:55 Saved as file BACKUP1.MAX
Tue Jun 11 02:09:55 Saved as file BACKUP1.MAX
Tue Jun 11 02:19:55 Saved as file BACKUP1.MAX
Tue Jun 11 02:29:55 Saved as file BACKUP1.MAX
Tue Jun 11 02:39:55 Saved as file BACKUP1.MAX
Tue Jun 11 02:49:55 Saved as file BACKUP1.MAX
Tue Jun 11 02:59:55 Saved as file BACKUP1.MAX
Tue Jun 11 03:09:55 Saved as file BACKUP1.MAX
Tue Jun 11 03:19:55 Saved as file BACKUP1.MAX
Tue Jun 11 03:29:55 Saved as file BACKUP1.MAX
Tue Jun 11 03:39:55 Saved as file BACKUP1.MAX
Tue Jun 11 03:49:55 Saved as file BACKUP1.MAX
Tue Jun 11 03:59:55 Saved as file BACKUP1.MAX
Tue Jun 11 04:09:55 Saved as file BACKUP1.MAX
Tue Jun 11 04:19:56 Saved as file BACKUP1.MAX
Tue Jun 11 04:29:56 Saved as file BACKUP1.MAX
Tue Jun 11 04:39:56 Saved as file BACKUP1.MAX
Tue Jun 11 04:49:56 Saved as file BACKUP1.MAX
Tue Jun 11 04:59:56 Saved as file BACKUP1.MAX
Tue Jun 11 05:09:56 Saved as file BACKUP1.MAX
Tue Jun 11 05:19:56 Saved as file BACKUP1.MAX
Tue Jun 11 05:29:56 Saved as file BACKUP1.MAX
Tue Jun 11 05:39:56 Saved as file BACKUP1.MAX
Tue Jun 11 05:49:56 Saved as file BACKUP1.MAX
Tue Jun 11 05:59:56 Saved as file BACKUP1.MAX
Tue Jun 11 06:09:56 Saved as file BACKUP1.MAX
Tue Jun 11 06:19:56 Saved as file BACKUP1.MAX
Tue Jun 11 06:29:56 Saved as file BACKUP1.MAX
Tue Jun 11 06:39:56 Saved as file BACKUP1.MAX
Tue Jun 11 06:49:56 Saved as file BACKUP1.MAX
Tue Jun 11 06:59:56 Saved as file BACKUP1.MAX
Tue Jun 11 07:09:57 Saved as file BACKUP1.MAX
Tue Jun 11 07:19:57 Saved as file BACKUP1.MAX
Tue Jun 11 07:29:57 Saved as file BACKUP1.MAX
Tue Jun 11 07:39:57 Saved as file BACKUP1.MAX
Tue Jun 11 07:49:57 Saved as file BACKUP1.MAX
Tue Jun 11 07:59:57 Saved as file BACKUP1.MAX
Tue Jun 11 08:09:57 Saved as file BACKUP1.MAX
Tue Jun 11 08:19:57 Saved as file BACKUP1.MAX
Tue Jun 11 08:29:57 Saved as file BACKUP1.MAX
Tue Jun 11 08:39:57 Saved as file BACKUP1.MAX
Tue Jun 11 08:49:57 Saved as file BACKUP1.MAX
Fri Jun 21 09:29:01 Saved as file Z:\DESENVOLVIMENTO\NIXIE_CLOCK\HARDWARE\NIXIE_V3.MAX
Fri Jun 21 09:39:18 Saved as file BACKUP1.MAX
Fri Jun 21 09:49:18 Saved as file BACKUP1.MAX
Fri Jun 21 09:49:56 Saved as file Z:\DESENVOLVIMENTO\NIXIE_CLOCK\HARDWARE\NIXIE_V3.MAX
Fri Jun 21 10:01:05 Saved as file BACKUP1.MAX
Fri Jun 21 10:07:21 Saved as file Z:\DESENVOLVIMENTO\NIXIE_CLOCK\HARDWARE\NIXIE_V2.MAX
Fri Jun 21 10:11:05 Saved as file BACKUP1.MAX
Fri Jun 21 10:15:56 Saved as file Z:\DESENVOLVIMENTO\NIXIE_CLOCK\HARDWARE\NIXIE_V2.MAX
Fri Jun 21 10:21:05 Saved as file BACKUP1.MAX
Fri Jun 21 10:31:05 Saved as file BACKUP1.MAX
Fri Jun 21 10:41:05 Saved as file BACKUP1.MAX
Fri Jun 21 10:51:05 Saved as file BACKUP1.MAX
Fri Jun 21 11:01:05 Saved as file BACKUP1.MAX
Fri Jun 21 11:11:05 Saved as file BACKUP1.MAX
Fri Jun 21 11:21:05 Saved as file BACKUP1.MAX
Fri Jun 21 11:25:20 Saved as file Z:\DESENVOLVIMENTO\NIXIE_CLOCK\HARDWARE\NIXIE_V2.MAX
Fri Jun 21 11:31:00 Saved as file Z:\DESENVOLVIMENTO\NIXIE_CLOCK\HARDWARE\NIXIE_V2.MAX
Fri Jun 21 11:31:06 Saved as file BACKUP1.MAX
Fri Jun 21 11:34:26 Loaded file C:\Program Files\OrCAD\Layout_Plus\data\template.imp
Fri Jun 21 11:34:27 Loaded file C:\Program Files\OrCAD\Layout_Plus\data\template.imp
Fri Jun 21 11:34:27 Loaded file C:\Program Files\OrCAD\Layout_Plus\data\template.imp
Fri Jun 21 11:34:27 Loaded file C:\Program Files\OrCAD\Layout_Plus\data\template.imp
Fri Jun 21 11:34:31 Loaded file Z:\DESENVOLVIMENTO\ORCAD_LIBS\LAYOUT\NEOCORTEX.LLB
Fri Jun 21 11:34:37 Loaded file C:\Program Files\OrCAD\Layout_Plus\data\template.imp
Fri Jun 21 11:34:43 Loaded file C:\Program Files\OrCAD\Layout_Plus\data\template.imp
Fri Jun 21 11:34:46 Loaded file C:\Program Files\OrCAD\Layout_Plus\data\template.imp
Fri Jun 21 11:34:49 Loaded file C:\Program Files\OrCAD\Layout_Plus\data\template.imp
Fri Jun 21 11:34:54 Loaded file C:\Program Files\OrCAD\Layout_Plus\data\template.imp
Fri Jun 21 11:34:55 Loaded file C:\Program Files\OrCAD\Layout_Plus\data\template.imp
Fri Jun 21 11:35:09 Loaded file C:\Program Files\OrCAD\Layout_Plus\data\template.imp
Fri Jun 21 11:35:09 Loaded file C:\Program Files\OrCAD\Layout_Plus\data\template.imp
Fri Jun 21 11:35:11 Loaded file Z:\DESENVOLVIMENTO\ORCAD_LIBS\LAYOUT\NEOCORTEX.LLB
Fri Jun 21 11:35:17 Loaded file C:\Program Files\OrCAD\Layout_Plus\data\template.imp
Fri Jun 21 11:35:34 Loaded file Z:\DESENVOLVIMENTO\ORCAD_LIBS\LAYOUT\NEOCORTEX.LLB
Fri Jun 21 11:35:34 Saved as file Z:\DESENVOLVIMENTO\ORCAD_LIBS\LAYOUT\NEOCORTEX.LLB
Fri Jun 21 11:35:43 Loaded file Z:\DESENVOLVIMENTO\ORCAD_LIBS\LAYOUT\NEOCORTEX.LLB
Fri Jun 21 11:41:36 Saved as file BACKUP1.MAX
Fri Jun 21 11:51:36 Saved as file BACKUP1.MAX
Fri Jun 21 11:56:23 Saved as file Z:\DESENVOLVIMENTO\NIXIE_CLOCK\HARDWARE\NIXIE_V2.MAX
Fri Jun 21 12:01:36 Saved as file BACKUP1.MAX
Fri Jun 21 12:02:43 Saved as file Z:\DESENVOLVIMENTO\NIXIE_CLOCK\HARDWARE\NIXIE_V2.MAX
Fri Jun 21 12:04:42 Saved as file Z:\DESENVOLVIMENTO\NIXIE_CLOCK\HARDWARE\NIXIE_V2.MAX
Fri Jun 21 12:04:46 Saved as file BACKUP1.MAX
Fri Jun 21 12:04:46 Saved as file BACKUP1.MAX
Fri Jun 21 12:04:46 Saved as file BACKUP1.MAX
Fri Jun 21 12:04:46 Routed 3 connections in 0 seconds.
Fri Jun 21 12:04:46 Total is now 3 out of 251 (1%).
Fri Jun 21 12:04:46 Saved as file SWEEP1.MAX
Fri Jun 21 12:05:03 Saved as file BACKUP1.MAX
Fri Jun 21 12:05:06 Saved as file BACKUP1.MAX
Fri Jun 21 12:05:16 Saved as file BACKUP1.MAX
Fri Jun 21 12:05:16 Routed 292 connections in 29 seconds.
Fri Jun 21 12:05:16 Total is now 242 out of 251 (96%).
Fri Jun 21 12:05:16 Saved as file SWEEP2.MAX
Fri Jun 21 12:05:23 Routed 4 connections in 6 seconds.
Fri Jun 21 12:05:23 Total is now 246 out of 251 (98%).
Fri Jun 21 12:05:23 Saved as file SWEEP3.MAX
Fri Jun 21 12:06:16 Routed 3 connections in 52 seconds.
Fri Jun 21 12:06:16 Total is now 249 out of 251 (99%).
Fri Jun 21 12:06:16 Saved as file SWEEP4.MAX
Fri Jun 21 12:09:09 Saved as file Z:\DESENVOLVIMENTO\NIXIE_CLOCK\HARDWARE\NIXIE_V2.MAX
Fri Jun 21 12:09:12 Saved as file BACKUP1.MAX
Fri Jun 21 12:09:13 Saved as file BACKUP1.MAX
Fri Jun 21 12:09:13 Saved as file BACKUP1.MAX
Fri Jun 21 12:09:13 Routed 4 connections in 0 seconds.
Fri Jun 21 12:09:13 Total is now 4 out of 251 (1%).
Fri Jun 21 12:09:13 Saved as file SWEEP1.MAX
Fri Jun 21 12:09:27 Saved as file BACKUP1.MAX
Fri Jun 21 12:09:28 Saved as file BACKUP1.MAX
Fri Jun 21 12:09:46 Saved as file BACKUP1.MAX
Fri Jun 21 12:09:46 Routed 277 connections in 32 seconds.
Fri Jun 21 12:09:46 Total is now 238 out of 251 (94%).
Fri Jun 21 12:09:46 Saved as file SWEEP2.MAX
Fri Jun 21 12:10:01 Routed 7 connections in 14 seconds.
Fri Jun 21 12:10:01 Total is now 244 out of 251 (97%).
Fri Jun 21 12:10:01 Saved as file SWEEP3.MAX
Fri Jun 21 12:11:32 Saved as file BACKUP1.MAX
Fri Jun 21 12:11:32 Saved as file BACKUP1.MAX
Fri Jun 21 12:11:32 Saved as file BACKUP1.MAX
Fri Jun 21 12:11:32 Saved as file BACKUP1.MAX
Fri Jun 21 12:11:33 Saved as file BACKUP1.MAX
Fri Jun 21 12:11:33 Saved as file BACKUP1.MAX
Fri Jun 21 12:11:33 Saved as file BACKUP1.MAX
Fri Jun 21 12:11:33 Saved as file BACKUP1.MAX
Fri Jun 21 12:11:33 Saved as file BACKUP1.MAX
Fri Jun 21 12:11:34 Saved as file BACKUP1.MAX
Fri Jun 21 12:11:34 Saved as file BACKUP1.MAX
Fri Jun 21 12:11:34 Saved as file BACKUP1.MAX
Fri Jun 21 12:11:34 Saved as file BACKUP1.MAX
Fri Jun 21 12:11:34 Saved as file BACKUP1.MAX
Fri Jun 21 12:11:35 Saved as file BACKUP1.MAX
Fri Jun 21 12:11:35 Saved as file BACKUP1.MAX
Fri Jun 21 12:11:35 Saved as file BACKUP1.MAX
Fri Jun 21 12:11:35 Saved as file BACKUP1.MAX
Fri Jun 21 12:11:35 Routed 8 connections in 3 seconds.
Fri Jun 21 12:11:35 Total is now 8 out of 251 (3%).
Fri Jun 21 12:11:35 Saved as file SWEEP1.MAX
Fri Jun 21 12:11:36 Saved as file BACKUP1.MAX
Fri Jun 21 12:11:48 Saved as file BACKUP1.MAX
Fri Jun 21 12:11:48 Saved as file BACKUP1.MAX
Fri Jun 21 12:11:48 Saved as file BACKUP1.MAX
Fri Jun 21 12:12:07 Saved as file BACKUP1.MAX
Fri Jun 21 12:12:08 Saved as file BACKUP1.MAX
Fri Jun 21 12:12:08 Saved as file BACKUP1.MAX
Fri Jun 21 12:12:13 Saved as file BACKUP1.MAX
Fri Jun 21 12:12:13 Saved as file BACKUP1.MAX
Fri Jun 21 12:12:13 Saved as file BACKUP1.MAX
Fri Jun 21 12:12:14 Saved as file BACKUP1.MAX
Fri Jun 21 12:12:14 Saved as file BACKUP1.MAX
Fri Jun 21 12:12:14 Saved as file BACKUP1.MAX
Fri Jun 21 12:12:42 Saved as file BACKUP1.MAX
Fri Jun 21 12:12:42 Saved as file BACKUP1.MAX
Fri Jun 21 12:12:42 Saved as file BACKUP1.MAX
Fri Jun 21 12:12:43 Saved as file BACKUP1.MAX
Fri Jun 21 12:12:43 Saved as file BACKUP1.MAX
Fri Jun 21 12:12:44 Saved as file BACKUP1.MAX
Fri Jun 21 12:12:44 Routed 339 connections in 68 seconds.
Fri Jun 21 12:12:44 Total is now 247 out of 251 (98%).
Fri Jun 21 12:12:44 Saved as file SWEEP2.MAX
Fri Jun 21 12:12:56 Routed 3 connections in 12 seconds.
Fri Jun 21 12:12:56 Total is now 250 out of 251 (99%).
Fri Jun 21 12:12:56 Saved as file SWEEP3.MAX
Fri Jun 21 12:12:57 No new connections routed.
Fri Jun 21 12:12:57 Total is now 250 out of 251 (99%).
Fri Jun 21 12:12:57 Saved as file SWEEP4.MAX
Fri Jun 21 12:12:58 No new connections routed.
Fri Jun 21 12:12:58 Total is now 250 out of 251 (99%).
Fri Jun 21 12:12:58 Saved as file SWEEP5.MAX
Fri Jun 21 12:14:25 Loaded file C:\Program Files\OrCAD\Layout_Plus\data\template.imp
Fri Jun 21 12:14:25 Loaded file C:\Program Files\OrCAD\Layout_Plus\data\template.imp
Fri Jun 21 12:14:25 Loaded file C:\Program Files\OrCAD\Layout_Plus\data\template.imp
Fri Jun 21 12:14:25 Loaded file C:\Program Files\OrCAD\Layout_Plus\data\template.imp
Fri Jun 21 12:16:43 Saved as file BACKUP1.MAX
Fri Jun 21 12:16:43 Saved as file BACKUP1.MAX
Fri Jun 21 12:16:43 Saved as file BACKUP1.MAX
Fri Jun 21 12:16:43 Saved as file BACKUP1.MAX
Fri Jun 21 12:16:43 Saved as file BACKUP1.MAX
Fri Jun 21 12:16:44 Saved as file BACKUP1.MAX
Fri Jun 21 12:16:44 Saved as file BACKUP1.MAX
Fri Jun 21 12:16:44 Saved as file BACKUP1.MAX
Fri Jun 21 12:16:44 Saved as file BACKUP1.MAX
Fri Jun 21 12:16:44 Saved as file BACKUP1.MAX
Fri Jun 21 12:16:45 Saved as file BACKUP1.MAX
Fri Jun 21 12:16:45 Saved as file BACKUP1.MAX
Fri Jun 21 12:16:45 Saved as file BACKUP1.MAX
Fri Jun 21 12:16:45 Saved as file BACKUP1.MAX
Fri Jun 21 12:16:45 Saved as file BACKUP1.MAX
Fri Jun 21 12:16:46 Saved as file BACKUP1.MAX
Fri Jun 21 12:16:46 Saved as file BACKUP1.MAX
Fri Jun 21 12:16:46 Saved as file BACKUP1.MAX
Fri Jun 21 12:16:46 Saved as file BACKUP1.MAX
Fri Jun 21 12:16:46 Saved as file BACKUP1.MAX
Fri Jun 21 12:16:47 Saved as file BACKUP1.MAX
Fri Jun 21 12:16:47 Routed 8 connections in 4 seconds.
Fri Jun 21 12:16:47 Total is now 8 out of 251 (3%).
Fri Jun 21 12:16:47 Saved as file SWEEP1.MAX
Fri Jun 21 12:17:22 Saved as file BACKUP1.MAX
Fri Jun 21 12:17:22 Saved as file BACKUP1.MAX
Fri Jun 21 12:17:23 Saved as file BACKUP1.MAX
Fri Jun 21 12:17:29 Saved as file BACKUP1.MAX
Fri Jun 21 12:17:29 Saved as file BACKUP1.MAX
Fri Jun 21 12:17:29 Saved as file BACKUP1.MAX
Fri Jun 21 12:17:31 Saved as file BACKUP1.MAX
Fri Jun 21 12:17:31 Saved as file BACKUP1.MAX
Fri Jun 21 12:17:31 Saved as file BACKUP1.MAX
Fri Jun 21 12:17:31 Saved as file BACKUP1.MAX
Fri Jun 21 12:17:32 Saved as file BACKUP1.MAX
Fri Jun 21 12:17:32 Saved as file BACKUP1.MAX
Fri Jun 21 12:17:57 Saved as file BACKUP1.MAX
Fri Jun 21 12:17:57 Saved as file BACKUP1.MAX
Fri Jun 21 12:18:02 Saved as file BACKUP1.MAX
Fri Jun 21 12:18:14 Saved as file BACKUP1.MAX
Fri Jun 21 12:18:15 Saved as file BACKUP1.MAX
Fri Jun 21 12:18:15 Saved as file BACKUP1.MAX
Fri Jun 21 12:18:15 Saved as file BACKUP1.MAX
Fri Jun 21 12:18:15 Saved as file BACKUP1.MAX
Fri Jun 21 12:18:16 Saved as file BACKUP1.MAX
Fri Jun 21 12:18:16 Routed 322 connections in 88 seconds.
Fri Jun 21 12:18:16 Total is now 245 out of 251 (97%).
Fri Jun 21 12:18:16 Saved as file SWEEP2.MAX
Fri Jun 21 12:18:38 Routed 4 connections in 22 seconds.
Fri Jun 21 12:18:38 Total is now 249 out of 251 (99%).
Fri Jun 21 12:18:39 Saved as file SWEEP3.MAX
Fri Jun 21 12:19:17 Routed 1 connections in 38 seconds.
Fri Jun 21 12:19:17 Total is now 250 out of 251 (99%).
Fri Jun 21 12:19:17 Saved as file SWEEP4.MAX
Fri Jun 21 12:19:24 Routed 1 connections in 6 seconds.
Fri Jun 21 12:19:24 Total is now 251 out of 251 (100%).
Fri Jun 21 12:19:24 Saved as file SWEEP5.MAX
Fri Jun 21 12:19:48 Saved as file Z:\DESENVOLVIMENTO\NIXIE_CLOCK\HARDWARE\NIXIE_V2.MAX
Fri Jun 21 12:22:06 Saved as file BACKUP1.MAX
Fri Jun 21 12:29:14 Saved as file Z:\DESENVOLVIMENTO\NIXIE_CLOCK\HARDWARE\NIXIE_V2.MAX
Fri Jun 21 12:30:51 Saved as file Z:\DESENVOLVIMENTO\NIXIE_CLOCK\HARDWARE\NIXIE_V2.MAX
Fri Jun 21 12:33:36 Saved as file BACKUP1.MAX
Fri Jun 21 12:43:36 Saved as file BACKUP1.MAX
Fri Jun 21 12:53:36 Saved as file BACKUP1.MAX
Fri Jun 21 13:03:36 Saved as file BACKUP1.MAX
Fri Jun 21 13:13:36 Saved as file BACKUP1.MAX
Fri Jun 21 13:23:36 Saved as file BACKUP1.MAX
Fri Jun 21 13:33:36 Saved as file BACKUP1.MAX
Fri Jun 21 13:43:36 Saved as file BACKUP1.MAX
Fri Jun 21 13:53:36 Saved as file BACKUP1.MAX
Fri Jun 21 14:03:36 Saved as file BACKUP1.MAX
Fri Jun 21 14:13:37 Saved as file BACKUP1.MAX
Fri Jun 21 14:23:37 Saved as file BACKUP1.MAX
Fri Jun 21 14:33:37 Saved as file BACKUP1.MAX
Fri Jun 21 14:43:37 Saved as file BACKUP1.MAX
Fri Jun 21 14:53:37 Saved as file BACKUP1.MAX
Fri Jun 21 15:03:37 Saved as file BACKUP1.MAX
Fri Jun 21 15:13:37 Saved as file BACKUP1.MAX
Fri Jun 21 15:23:37 Saved as file BACKUP1.MAX
Fri Jun 21 15:33:37 Saved as file BACKUP1.MAX
Fri Jun 21 15:43:37 Saved as file BACKUP1.MAX
Fri Jun 21 15:53:37 Saved as file BACKUP1.MAX
Fri Jun 21 16:03:37 Saved as file BACKUP1.MAX
Fri Jun 21 16:13:37 Saved as file BACKUP1.MAX
Fri Jun 21 16:23:37 Saved as file BACKUP1.MAX
Fri Jun 21 16:33:37 Saved as file BACKUP1.MAX
Fri Jun 21 16:43:38 Saved as file BACKUP1.MAX
Fri Jun 21 16:53:38 Saved as file BACKUP1.MAX
Fri Jun 21 17:03:38 Saved as file BACKUP1.MAX
Fri Jun 21 17:13:38 Saved as file BACKUP1.MAX
Fri Jun 21 17:23:38 Saved as file BACKUP1.MAX
Fri Jun 21 17:33:38 Saved as file BACKUP1.MAX
Fri Jun 21 17:43:38 Saved as file BACKUP1.MAX
Fri Jun 21 17:53:38 Saved as file BACKUP1.MAX
Fri Jun 21 18:03:38 Saved as file BACKUP1.MAX
Fri Jun 21 18:13:38 Saved as file BACKUP1.MAX
Fri Jun 21 18:23:38 Saved as file BACKUP1.MAX
Fri Jun 21 18:33:38 Saved as file BACKUP1.MAX
Fri Jun 21 18:43:38 Saved as file BACKUP1.MAX
Fri Jun 21 18:53:38 Saved as file BACKUP1.MAX
Fri Jun 21 19:03:38 Saved as file BACKUP1.MAX
Fri Jun 21 19:13:38 Saved as file BACKUP1.MAX
Fri Jun 21 19:23:38 Saved as file BACKUP1.MAX
Fri Jun 21 19:33:39 Saved as file BACKUP1.MAX
Fri Jun 21 19:43:39 Saved as file BACKUP1.MAX
Fri Jun 21 19:53:39 Saved as file BACKUP1.MAX
Fri Jun 21 20:03:39 Saved as file BACKUP1.MAX
Fri Jun 21 20:13:39 Saved as file BACKUP1.MAX
Fri Jun 21 20:23:39 Saved as file BACKUP1.MAX
Fri Jun 21 20:33:39 Saved as file BACKUP1.MAX
Fri Jun 21 20:43:39 Saved as file BACKUP1.MAX
Fri Jun 21 20:53:39 Saved as file BACKUP1.MAX
Fri Jun 21 21:03:39 Saved as file BACKUP1.MAX
Fri Jun 21 21:13:39 Saved as file BACKUP1.MAX
Fri Jun 21 21:23:39 Saved as file BACKUP1.MAX
Fri Jun 21 21:33:39 Saved as file BACKUP1.MAX
Fri Jun 21 21:43:39 Saved as file BACKUP1.MAX
Fri Jun 21 21:53:39 Saved as file BACKUP1.MAX
Fri Jun 21 22:03:40 Saved as file BACKUP1.MAX
Fri Jun 21 22:13:40 Saved as file BACKUP1.MAX
Fri Jun 21 22:23:40 Saved as file BACKUP1.MAX
Fri Jun 21 22:33:40 Saved as file BACKUP1.MAX
Fri Jun 21 22:43:40 Saved as file BACKUP1.MAX
Fri Jun 21 22:53:40 Saved as file BACKUP1.MAX
Fri Jun 21 23:03:40 Saved as file BACKUP1.MAX
Fri Jun 21 23:13:40 Saved as file BACKUP1.MAX
Fri Jun 21 23:23:40 Saved as file BACKUP1.MAX
Fri Jun 21 23:33:40 Saved as file BACKUP1.MAX
Fri Jun 21 23:43:40 Saved as file BACKUP1.MAX
Fri Jun 21 23:53:40 Saved as file BACKUP1.MAX
Sat Jun 22 00:03:40 Saved as file BACKUP1.MAX
Sat Jun 22 00:13:40 Saved as file BACKUP1.MAX
Sat Jun 22 00:23:41 Saved as file BACKUP1.MAX
Sat Jun 22 00:33:40 Saved as file BACKUP1.MAX
Sat Jun 22 00:43:41 Saved as file BACKUP1.MAX
Sat Jun 22 00:53:41 Saved as file BACKUP1.MAX
Sat Jun 22 01:03:41 Saved as file BACKUP1.MAX
Sat Jun 22 01:13:41 Saved as file BACKUP1.MAX
Sat Jun 22 01:23:41 Saved as file BACKUP1.MAX
Sat Jun 22 01:33:41 Saved as file BACKUP1.MAX
Sat Jun 22 01:43:41 Saved as file BACKUP1.MAX
Sat Jun 22 01:53:41 Saved as file BACKUP1.MAX
Sat Jun 22 02:03:41 Saved as file BACKUP1.MAX
Sat Jun 22 02:13:41 Saved as file BACKUP1.MAX
Sat Jun 22 02:23:41 Saved as file BACKUP1.MAX
Sat Jun 22 02:33:41 Saved as file BACKUP1.MAX
Sat Jun 22 02:43:41 Saved as file BACKUP1.MAX
Sat Jun 22 02:53:41 Saved as file BACKUP1.MAX
Sat Jun 22 03:03:41 Saved as file BACKUP1.MAX
Sat Jun 22 03:13:41 Saved as file BACKUP1.MAX
Sat Jun 22 03:23:42 Saved as file BACKUP1.MAX
Sat Jun 22 03:33:42 Saved as file BACKUP1.MAX
Sat Jun 22 03:43:42 Saved as file BACKUP1.MAX
Sat Jun 22 03:53:42 Saved as file BACKUP1.MAX
Sat Jun 22 04:03:42 Saved as file BACKUP1.MAX
Sat Jun 22 04:13:42 Saved as file BACKUP1.MAX
Sat Jun 22 04:23:42 Saved as file BACKUP1.MAX
Sat Jun 22 04:33:42 Saved as file BACKUP1.MAX
Sat Jun 22 04:43:42 Saved as file BACKUP1.MAX
Sat Jun 22 04:53:42 Saved as file BACKUP1.MAX
Sat Jun 22 05:03:42 Saved as file BACKUP1.MAX
Sat Jun 22 05:13:42 Saved as file BACKUP1.MAX
Sat Jun 22 05:23:42 Saved as file BACKUP1.MAX
Sat Jun 22 05:33:42 Saved as file BACKUP1.MAX
Sat Jun 22 05:43:42 Saved as file BACKUP1.MAX
Sat Jun 22 05:53:42 Saved as file BACKUP1.MAX
Sat Jun 22 06:03:43 Saved as file BACKUP1.MAX
Sat Jun 22 06:13:43 Saved as file BACKUP1.MAX
Sat Jun 22 06:23:43 Saved as file BACKUP1.MAX
Sat Jun 22 06:33:43 Saved as file BACKUP1.MAX
Sat Jun 22 06:43:43 Saved as file BACKUP1.MAX
Sat Jun 22 06:53:43 Saved as file BACKUP1.MAX
Sat Jun 22 07:03:43 Saved as file BACKUP1.MAX
Sat Jun 22 07:13:43 Saved as file BACKUP1.MAX
Sat Jun 22 07:23:43 Saved as file BACKUP1.MAX
Sat Jun 22 07:33:43 Saved as file BACKUP1.MAX
Sat Jun 22 07:43:43 Saved as file BACKUP1.MAX
Sat Jun 22 07:53:43 Saved as file BACKUP1.MAX
Sat Jun 22 08:03:43 Saved as file BACKUP1.MAX
Sat Jun 22 08:13:43 Saved as file BACKUP1.MAX
Sat Jun 22 08:23:43 Saved as file BACKUP1.MAX
Sat Jun 22 08:33:44 Saved as file BACKUP1.MAX
Sat Jun 22 08:43:44 Saved as file BACKUP1.MAX
Sat Jun 22 08:53:44 Saved as file BACKUP1.MAX
Sat Jun 22 09:03:44 Saved as file BACKUP1.MAX
Sat Jun 22 09:13:44 Saved as file BACKUP1.MAX
Sat Jun 22 09:23:44 Saved as file BACKUP1.MAX
Sat Jun 22 09:33:44 Saved as file BACKUP1.MAX
Sat Jun 22 09:43:44 Saved as file BACKUP1.MAX
Sat Jun 22 09:53:44 Saved as file BACKUP1.MAX
Sat Jun 22 10:03:44 Saved as file BACKUP1.MAX
Sat Jun 22 10:13:44 Saved as file BACKUP1.MAX
Sat Jun 22 10:23:44 Saved as file BACKUP1.MAX
Sat Jun 22 10:33:44 Saved as file BACKUP1.MAX
Sat Jun 22 10:43:44 Saved as file BACKUP1.MAX
Sat Jun 22 10:53:44 Saved as file BACKUP1.MAX
Sat Jun 22 11:03:44 Saved as file BACKUP1.MAX
Sat Jun 22 11:13:45 Saved as file BACKUP1.MAX
Sat Jun 22 11:23:45 Saved as file BACKUP1.MAX
Sat Jun 22 11:33:45 Saved as file BACKUP1.MAX
Sat Jun 22 11:43:45 Saved as file BACKUP1.MAX
Sat Jun 22 11:53:45 Saved as file BACKUP1.MAX
Sat Jun 22 12:03:45 Saved as file BACKUP1.MAX
Sat Jun 22 12:13:45 Saved as file BACKUP1.MAX
Sat Jun 22 12:23:45 Saved as file BACKUP1.MAX
Sat Jun 22 12:33:45 Saved as file BACKUP1.MAX
Sat Jun 22 12:43:45 Saved as file BACKUP1.MAX
Sat Jun 22 12:53:45 Saved as file BACKUP1.MAX
Sat Jun 22 13:03:45 Saved as file BACKUP1.MAX
Sat Jun 22 13:13:45 Saved as file BACKUP1.MAX
Sat Jun 22 13:23:45 Saved as file BACKUP1.MAX
Sat Jun 22 13:33:45 Saved as file BACKUP1.MAX
Sat Jun 22 13:43:45 Saved as file BACKUP1.MAX
Sat Jun 22 13:53:46 Saved as file BACKUP1.MAX
Sat Jun 22 14:03:46 Saved as file BACKUP1.MAX
Sat Jun 22 14:13:46 Saved as file BACKUP1.MAX
Sat Jun 22 14:23:46 Saved as file BACKUP1.MAX
Sat Jun 22 14:33:46 Saved as file BACKUP1.MAX
Sat Jun 22 14:43:46 Saved as file BACKUP1.MAX
Sat Jun 22 14:53:46 Saved as file BACKUP1.MAX
Sat Jun 22 15:03:46 Saved as file BACKUP1.MAX
Sat Jun 22 15:13:46 Saved as file BACKUP1.MAX
Sat Jun 22 15:23:46 Saved as file BACKUP1.MAX
Sat Jun 22 15:33:46 Saved as file BACKUP1.MAX
Sat Jun 22 15:43:46 Saved as file BACKUP1.MAX
Sat Jun 22 15:53:46 Saved as file BACKUP1.MAX
Sat Jun 22 16:03:46 Saved as file BACKUP1.MAX
Sat Jun 22 16:13:46 Saved as file BACKUP1.MAX
Sat Jun 22 16:23:46 Saved as file BACKUP1.MAX
Sat Jun 22 16:33:47 Saved as file BACKUP1.MAX
Sat Jun 22 16:43:47 Saved as file BACKUP1.MAX
Sat Jun 22 16:53:47 Saved as file BACKUP1.MAX
Sat Jun 22 17:03:47 Saved as file BACKUP1.MAX
Sat Jun 22 17:13:47 Saved as file BACKUP1.MAX
Sat Jun 22 17:23:47 Saved as file BACKUP1.MAX
Sat Jun 22 17:33:47 Saved as file BACKUP1.MAX
Sat Jun 22 17:43:47 Saved as file BACKUP1.MAX
Sat Jun 22 17:53:47 Saved as file BACKUP1.MAX
Sat Jun 22 18:03:47 Saved as file BACKUP1.MAX
Sat Jun 22 18:13:47 Saved as file BACKUP1.MAX
Sat Jun 22 18:23:47 Saved as file BACKUP1.MAX
Sat Jun 22 18:33:47 Saved as file BACKUP1.MAX
Sat Jun 22 18:43:47 Saved as file BACKUP1.MAX
Sat Jun 22 18:53:47 Saved as file BACKUP1.MAX
Sat Jun 22 19:03:47 Saved as file BACKUP1.MAX
Sat Jun 22 19:13:48 Saved as file BACKUP1.MAX
Sat Jun 22 19:23:48 Saved as file BACKUP1.MAX
Sat Jun 22 19:33:48 Saved as file BACKUP1.MAX
Sat Jun 22 19:43:48 Saved as file BACKUP1.MAX
Sat Jun 22 19:53:48 Saved as file BACKUP1.MAX
Sat Jun 22 20:03:48 Saved as file BACKUP1.MAX
Sat Jun 22 20:13:48 Saved as file BACKUP1.MAX
Sat Jun 22 20:23:48 Saved as file BACKUP1.MAX
Sat Jun 22 20:33:48 Saved as file BACKUP1.MAX
Sat Jun 22 20:43:48 Saved as file BACKUP1.MAX
Sat Jun 22 20:53:48 Saved as file BACKUP1.MAX
Sat Jun 22 21:03:48 Saved as file BACKUP1.MAX
Sat Jun 22 21:13:48 Saved as file BACKUP1.MAX
Sat Jun 22 21:23:48 Saved as file BACKUP1.MAX
Sat Jun 22 21:33:48 Saved as file BACKUP1.MAX
Sat Jun 22 21:43:48 Saved as file BACKUP1.MAX
Sat Jun 22 21:53:49 Saved as file BACKUP1.MAX
Sat Jun 22 22:03:49 Saved as file BACKUP1.MAX
Sat Jun 22 22:13:49 Saved as file BACKUP1.MAX
Sat Jun 22 22:23:49 Saved as file BACKUP1.MAX
Sat Jun 22 22:33:49 Saved as file BACKUP1.MAX
Sat Jun 22 22:43:49 Saved as file BACKUP1.MAX
Sat Jun 22 22:53:49 Saved as file BACKUP1.MAX
Sat Jun 22 23:03:49 Saved as file BACKUP1.MAX
Sat Jun 22 23:13:49 Saved as file BACKUP1.MAX
Sat Jun 22 23:23:49 Saved as file BACKUP1.MAX
Sat Jun 22 23:33:49 Saved as file BACKUP1.MAX
Sat Jun 22 23:43:49 Saved as file BACKUP1.MAX
Sat Jun 22 23:53:49 Saved as file BACKUP1.MAX
Sun Jun 23 00:03:49 Saved as file BACKUP1.MAX
Sun Jun 23 00:13:49 Saved as file BACKUP1.MAX
Sun Jun 23 00:23:50 Saved as file BACKUP1.MAX
Sun Jun 23 00:33:50 Saved as file BACKUP1.MAX
Sun Jun 23 00:43:50 Saved as file BACKUP1.MAX
Sun Jun 23 00:53:50 Saved as file BACKUP1.MAX
Sun Jun 23 01:03:50 Saved as file BACKUP1.MAX
Sun Jun 23 01:13:50 Saved as file BACKUP1.MAX
Sun Jun 23 01:23:50 Saved as file BACKUP1.MAX
Sun Jun 23 01:33:50 Saved as file BACKUP1.MAX
Sun Jun 23 01:43:50 Saved as file BACKUP1.MAX
Sun Jun 23 01:53:50 Saved as file BACKUP1.MAX
Sun Jun 23 02:03:50 Saved as file BACKUP1.MAX
Sun Jun 23 02:13:50 Saved as file BACKUP1.MAX
Sun Jun 23 02:23:50 Saved as file BACKUP1.MAX
Sun Jun 23 02:33:50 Saved as file BACKUP1.MAX
Sun Jun 23 02:43:50 Saved as file BACKUP1.MAX
Sun Jun 23 02:53:50 Saved as file BACKUP1.MAX
Sun Jun 23 03:03:51 Saved as file BACKUP1.MAX
Sun Jun 23 03:13:51 Saved as file BACKUP1.MAX
Sun Jun 23 03:23:51 Saved as file BACKUP1.MAX
Sun Jun 23 03:33:51 Saved as file BACKUP1.MAX
Sun Jun 23 03:43:51 Saved as file BACKUP1.MAX
Sun Jun 23 03:53:51 Saved as file BACKUP1.MAX
Sun Jun 23 04:03:51 Saved as file BACKUP1.MAX
Sun Jun 23 04:13:51 Saved as file BACKUP1.MAX
Sun Jun 23 04:23:51 Saved as file BACKUP1.MAX
Sun Jun 23 04:33:51 Saved as file BACKUP1.MAX
Sun Jun 23 04:43:51 Saved as file BACKUP1.MAX
Sun Jun 23 04:53:51 Saved as file BACKUP1.MAX
Sun Jun 23 05:03:51 Saved as file BACKUP1.MAX
Sun Jun 23 05:13:51 Saved as file BACKUP1.MAX
Sun Jun 23 05:23:51 Saved as file BACKUP1.MAX
Sun Jun 23 05:33:51 Saved as file BACKUP1.MAX
Sun Jun 23 05:43:52 Saved as file BACKUP1.MAX
Sun Jun 23 05:53:52 Saved as file BACKUP1.MAX
Sun Jun 23 06:03:52 Saved as file BACKUP1.MAX
Sun Jun 23 06:13:52 Saved as file BACKUP1.MAX
Sun Jun 23 06:23:52 Saved as file BACKUP1.MAX
Sun Jun 23 06:33:52 Saved as file BACKUP1.MAX
Sun Jun 23 06:43:52 Saved as file BACKUP1.MAX
Sun Jun 23 06:53:52 Saved as file BACKUP1.MAX
Sun Jun 23 07:03:52 Saved as file BACKUP1.MAX
Sun Jun 23 07:13:52 Saved as file BACKUP1.MAX
Sun Jun 23 07:23:52 Saved as file BACKUP1.MAX
Sun Jun 23 07:33:52 Saved as file BACKUP1.MAX
Sun Jun 23 07:43:52 Saved as file BACKUP1.MAX
Sun Jun 23 07:53:52 Saved as file BACKUP1.MAX
Sun Jun 23 08:03:52 Saved as file BACKUP1.MAX
Sun Jun 23 08:13:52 Saved as file BACKUP1.MAX
Sun Jun 23 08:23:53 Saved as file BACKUP1.MAX
Sun Jun 23 08:33:53 Saved as file BACKUP1.MAX
Sun Jun 23 08:43:53 Saved as file BACKUP1.MAX
Sun Jun 23 08:53:53 Saved as file BACKUP1.MAX
Sun Jun 23 09:03:53 Saved as file BACKUP1.MAX
Sun Jun 23 09:13:53 Saved as file BACKUP1.MAX
Sun Jun 23 09:23:53 Saved as file BACKUP1.MAX
Sun Jun 23 09:33:53 Saved as file BACKUP1.MAX
Sun Jun 23 09:43:53 Saved as file BACKUP1.MAX
Sun Jun 23 09:53:53 Saved as file BACKUP1.MAX
Sun Jun 23 10:03:53 Saved as file BACKUP1.MAX
Sun Jun 23 10:13:53 Saved as file BACKUP1.MAX
Sun Jun 23 10:23:53 Saved as file BACKUP1.MAX
Sun Jun 23 10:33:53 Saved as file BACKUP1.MAX
Sun Jun 23 10:43:53 Saved as file BACKUP1.MAX
Sun Jun 23 10:53:54 Saved as file BACKUP1.MAX
Sun Jun 23 11:03:54 Saved as file BACKUP1.MAX
Sun Jun 23 11:13:54 Saved as file BACKUP1.MAX
Sun Jun 23 11:23:54 Saved as file BACKUP1.MAX
Sun Jun 23 11:33:54 Saved as file BACKUP1.MAX
Sun Jun 23 11:43:54 Saved as file BACKUP1.MAX
Sun Jun 23 11:53:54 Saved as file BACKUP1.MAX
Sun Jun 23 12:03:54 Saved as file BACKUP1.MAX
Sun Jun 23 12:13:54 Saved as file BACKUP1.MAX
Sun Jun 23 12:23:54 Saved as file BACKUP1.MAX
Sun Jun 23 12:33:54 Saved as file BACKUP1.MAX
Sun Jun 23 12:43:54 Saved as file BACKUP1.MAX
Sun Jun 23 12:53:54 Saved as file BACKUP1.MAX
Sun Jun 23 13:03:54 Saved as file BACKUP1.MAX
Sun Jun 23 13:13:54 Saved as file BACKUP1.MAX
Sun Jun 23 13:23:54 Saved as file BACKUP1.MAX
Sun Jun 23 13:33:55 Saved as file BACKUP1.MAX
Sun Jun 23 13:43:55 Saved as file BACKUP1.MAX
Sun Jun 23 13:53:55 Saved as file BACKUP1.MAX
Sun Jun 23 14:03:55 Saved as file BACKUP1.MAX
Sun Jun 23 14:13:55 Saved as file BACKUP1.MAX
Sun Jun 23 14:23:55 Saved as file BACKUP1.MAX
Sun Jun 23 14:33:55 Saved as file BACKUP1.MAX
Sun Jun 23 14:43:55 Saved as file BACKUP1.MAX
Sun Jun 23 14:53:55 Saved as file BACKUP1.MAX
Sun Jun 23 15:03:55 Saved as file BACKUP1.MAX
Sun Jun 23 15:13:55 Saved as file BACKUP1.MAX
Sun Jun 23 15:23:55 Saved as file BACKUP1.MAX
Sun Jun 23 15:33:55 Saved as file BACKUP1.MAX
Sun Jun 23 15:43:55 Saved as file BACKUP1.MAX
Sun Jun 23 15:53:55 Saved as file BACKUP1.MAX
Sun Jun 23 16:03:55 Saved as file BACKUP1.MAX
Sun Jun 23 16:13:56 Saved as file BACKUP1.MAX
Sun Jun 23 16:23:56 Saved as file BACKUP1.MAX
Sun Jun 23 16:33:56 Saved as file BACKUP1.MAX
Sun Jun 23 16:43:56 Saved as file BACKUP1.MAX
Sun Jun 23 16:53:56 Saved as file BACKUP1.MAX
Sun Jun 23 17:03:56 Saved as file BACKUP1.MAX
Sun Jun 23 17:13:56 Saved as file BACKUP1.MAX
Sun Jun 23 17:23:56 Saved as file BACKUP1.MAX
Sun Jun 23 17:33:56 Saved as file BACKUP1.MAX
Sun Jun 23 17:43:56 Saved as file BACKUP1.MAX
Sun Jun 23 17:53:56 Saved as file BACKUP1.MAX
Sun Jun 23 18:03:56 Saved as file BACKUP1.MAX
Sun Jun 23 18:13:56 Saved as file BACKUP1.MAX
Sun Jun 23 18:23:56 Saved as file BACKUP1.MAX
Sun Jun 23 18:33:56 Saved as file BACKUP1.MAX
Sun Jun 23 18:43:56 Saved as file BACKUP1.MAX
Sun Jun 23 18:53:57 Saved as file BACKUP1.MAX
Sun Jun 23 19:03:57 Saved as file BACKUP1.MAX
Sun Jun 23 19:13:57 Saved as file BACKUP1.MAX
Sun Jun 23 19:23:57 Saved as file BACKUP1.MAX
Sun Jun 23 19:33:57 Saved as file BACKUP1.MAX
Sun Jun 23 19:43:57 Saved as file BACKUP1.MAX
Sun Jun 23 19:53:57 Saved as file BACKUP1.MAX
Sun Jun 23 20:03:57 Saved as file BACKUP1.MAX
Sun Jun 23 20:13:57 Saved as file BACKUP1.MAX
Sun Jun 23 20:23:57 Saved as file BACKUP1.MAX
Sun Jun 23 20:33:57 Saved as file BACKUP1.MAX
Sun Jun 23 20:43:57 Saved as file BACKUP1.MAX
Sun Jun 23 20:53:57 Saved as file BACKUP1.MAX
Sun Jun 23 21:03:57 Saved as file BACKUP1.MAX
Sun Jun 23 21:13:57 Saved as file BACKUP1.MAX
Sun Jun 23 21:23:57 Saved as file BACKUP1.MAX
Sun Jun 23 21:33:58 Saved as file BACKUP1.MAX
Sun Jun 23 21:43:58 Saved as file BACKUP1.MAX
Sun Jun 23 21:53:58 Saved as file BACKUP1.MAX
Sun Jun 23 22:03:58 Saved as file BACKUP1.MAX
Sun Jun 23 22:13:58 Saved as file BACKUP1.MAX
Sun Jun 23 22:23:58 Saved as file BACKUP1.MAX
Sun Jun 23 22:33:58 Saved as file BACKUP1.MAX
Sun Jun 23 22:43:58 Saved as file BACKUP1.MAX
Sun Jun 23 22:53:58 Saved as file BACKUP1.MAX
Sun Jun 23 23:03:58 Saved as file BACKUP1.MAX
Sun Jun 23 23:13:58 Saved as file BACKUP1.MAX
Sun Jun 23 23:23:58 Saved as file BACKUP1.MAX
Sun Jun 23 23:33:58 Saved as file BACKUP1.MAX
Sun Jun 23 23:43:58 Saved as file BACKUP1.MAX
Sun Jun 23 23:53:58 Saved as file BACKUP1.MAX
Mon Jun 24 00:03:58 Saved as file BACKUP1.MAX
Mon Jun 24 00:13:59 Saved as file BACKUP1.MAX
Mon Jun 24 00:23:59 Saved as file BACKUP1.MAX
Mon Jun 24 00:33:59 Saved as file BACKUP1.MAX
Mon Jun 24 00:43:59 Saved as file BACKUP1.MAX
Mon Jun 24 00:53:59 Saved as file BACKUP1.MAX
Mon Jun 24 01:03:59 Saved as file BACKUP1.MAX
Mon Jun 24 01:13:59 Saved as file BACKUP1.MAX
Mon Jun 24 01:23:59 Saved as file BACKUP1.MAX
Mon Jun 24 01:33:59 Saved as file BACKUP1.MAX
Mon Jun 24 01:43:59 Saved as file BACKUP1.MAX
Mon Jun 24 01:53:59 Saved as file BACKUP1.MAX
Mon Jun 24 02:03:59 Saved as file BACKUP1.MAX
Mon Jun 24 02:13:59 Saved as file BACKUP1.MAX
Mon Jun 24 02:23:59 Saved as file BACKUP1.MAX
Mon Jun 24 02:33:59 Saved as file BACKUP1.MAX
Mon Jun 24 02:44:00 Saved as file BACKUP1.MAX
Mon Jun 24 02:54:00 Saved as file BACKUP1.MAX
Mon Jun 24 03:04:00 Saved as file BACKUP1.MAX
Mon Jun 24 03:14:00 Saved as file BACKUP1.MAX
Mon Jun 24 03:24:00 Saved as file BACKUP1.MAX
Mon Jun 24 03:34:00 Saved as file BACKUP1.MAX
Mon Jun 24 03:44:00 Saved as file BACKUP1.MAX
Mon Jun 24 03:54:00 Saved as file BACKUP1.MAX
Mon Jun 24 04:04:00 Saved as file BACKUP1.MAX
Mon Jun 24 04:14:00 Saved as file BACKUP1.MAX
Mon Jun 24 04:24:00 Saved as file BACKUP1.MAX
Mon Jun 24 04:34:00 Saved as file BACKUP1.MAX
Mon Jun 24 04:44:00 Saved as file BACKUP1.MAX
Mon Jun 24 04:54:00 Saved as file BACKUP1.MAX
Mon Jun 24 05:04:00 Saved as file BACKUP1.MAX
Mon Jun 24 05:14:00 Saved as file BACKUP1.MAX
Mon Jun 24 05:24:00 Saved as file BACKUP1.MAX
Mon Jun 24 05:34:01 Saved as file BACKUP1.MAX
Mon Jun 24 05:44:01 Saved as file BACKUP1.MAX
Mon Jun 24 05:54:01 Saved as file BACKUP1.MAX
Mon Jun 24 06:04:01 Saved as file BACKUP1.MAX
Mon Jun 24 06:14:01 Saved as file BACKUP1.MAX
Mon Jun 24 06:24:01 Saved as file BACKUP1.MAX
Mon Jun 24 06:34:01 Saved as file BACKUP1.MAX
Mon Jun 24 06:44:01 Saved as file BACKUP1.MAX
Mon Jun 24 06:54:01 Saved as file BACKUP1.MAX
Mon Jun 24 07:04:01 Saved as file BACKUP1.MAX
Mon Jun 24 07:14:01 Saved as file BACKUP1.MAX
Mon Jun 24 07:24:01 Saved as file BACKUP1.MAX
Mon Jun 24 07:34:01 Saved as file BACKUP1.MAX
Mon Jun 24 07:44:32 Saved as file BACKUP1.MAX
Mon Jun 24 07:54:31 Saved as file BACKUP1.MAX
Mon Jun 24 08:04:32 Saved as file BACKUP1.MAX
Mon Jun 24 08:14:32 Saved as file BACKUP1.MAX
Mon Jun 24 08:15:05 Saved as file Z:\DESENVOLVIMENTO\NIXIE_CLOCK\HARDWARE\NIXIE_V2.MAX
Mon Jun 24 11:36:31 Saved as file BACKUP1.MAX
Mon Jun 24 11:36:32 Saved as file BACKUP1.MAX
Mon Jun 24 11:36:32 Saved as file BACKUP1.MAX
Mon Jun 24 11:36:32 Saved as file BACKUP1.MAX
Mon Jun 24 11:36:32 Saved as file BACKUP1.MAX
Mon Jun 24 11:36:33 Saved as file BACKUP1.MAX
Mon Jun 24 11:36:33 Saved as file BACKUP1.MAX
Mon Jun 24 11:36:33 Saved as file BACKUP1.MAX
Mon Jun 24 11:36:33 Saved as file BACKUP1.MAX
Mon Jun 24 11:36:34 Saved as file BACKUP1.MAX
Mon Jun 24 11:36:34 Saved as file BACKUP1.MAX
Mon Jun 24 11:36:37 Saved as file BACKUP1.MAX
Mon Jun 24 11:36:38 Saved as file BACKUP1.MAX
Mon Jun 24 11:36:39 Saved as file BACKUP1.MAX
Mon Jun 24 11:36:39 Saved as file BACKUP1.MAX
Mon Jun 24 11:36:40 Saved as file BACKUP1.MAX
Mon Jun 24 11:36:40 Saved as file BACKUP1.MAX
Mon Jun 24 11:36:40 Saved as file BACKUP1.MAX
Mon Jun 24 11:36:40 Routed 8 connections in 9 seconds.
Mon Jun 24 11:36:40 Total is now 8 out of 252 (3%).
Mon Jun 24 11:36:40 Saved as file SWEEP1.MAX
Mon Jun 24 11:36:52 Saved as file BACKUP1.MAX
Mon Jun 24 11:36:52 Saved as file BACKUP1.MAX
Mon Jun 24 11:36:52 Saved as file BACKUP1.MAX
Mon Jun 24 11:37:06 Saved as file BACKUP1.MAX
Mon Jun 24 11:37:07 Saved as file BACKUP1.MAX
Mon Jun 24 11:37:08 Saved as file BACKUP1.MAX
Mon Jun 24 11:37:21 Saved as file BACKUP1.MAX
Mon Jun 24 11:37:21 Saved as file BACKUP1.MAX
Mon Jun 24 11:37:21 Saved as file BACKUP1.MAX
Mon Jun 24 11:37:27 Saved as file BACKUP1.MAX
Mon Jun 24 11:37:28 Saved as file BACKUP1.MAX
Mon Jun 24 11:37:28 Saved as file BACKUP1.MAX
Mon Jun 24 11:37:30 Saved as file BACKUP1.MAX
Mon Jun 24 11:37:30 Saved as file BACKUP1.MAX
Mon Jun 24 11:37:30 Saved as file BACKUP1.MAX
Mon Jun 24 11:37:31 Saved as file BACKUP1.MAX
Mon Jun 24 11:37:31 Saved as file BACKUP1.MAX
Mon Jun 24 11:37:31 Saved as file BACKUP1.MAX
Mon Jun 24 11:37:31 Routed 342 connections in 50 seconds.
Mon Jun 24 11:37:31 Total is now 246 out of 252 (97%).
Mon Jun 24 11:37:32 Saved as file SWEEP2.MAX
Mon Jun 24 11:37:36 Routed 5 connections in 4 seconds.
Mon Jun 24 11:37:36 Total is now 250 out of 252 (99%).
Mon Jun 24 11:37:36 Saved as file SWEEP3.MAX
Mon Jun 24 11:37:44 Routed 2 connections in 7 seconds.
Mon Jun 24 11:37:44 Total is now 251 out of 252 (99%).
Mon Jun 24 11:37:44 Saved as file SWEEP4.MAX
Mon Jun 24 11:37:44 Routed 1 connections in 0 seconds.
Mon Jun 24 11:37:44 Total is now 251 out of 252 (99%).
Mon Jun 24 11:37:44 Saved as file SWEEP5.MAX
Mon Jun 24 11:38:16 Saved as file BACKUP1.MAX
Mon Jun 24 11:38:16 Saved as file BACKUP1.MAX
Mon Jun 24 11:38:17 Saved as file BACKUP1.MAX
Mon Jun 24 11:38:17 Saved as file BACKUP1.MAX
Mon Jun 24 11:38:17 Routed 2 connections in 0 seconds.
Mon Jun 24 11:38:17 Total is now 2 out of 252 (0%).
Mon Jun 24 11:38:17 Saved as file SWEEP1.MAX
Mon Jun 24 11:38:46 Saved as file BACKUP1.MAX
Mon Jun 24 11:39:02 Saved as file BACKUP1.MAX
Mon Jun 24 11:39:04 Saved as file BACKUP1.MAX
Mon Jun 24 11:39:04 Saved as file BACKUP1.MAX
Mon Jun 24 11:39:04 Routed 290 connections in 46 seconds.
Mon Jun 24 11:39:04 Total is now 244 out of 252 (96%).
Mon Jun 24 11:39:04 Saved as file SWEEP2.MAX
Mon Jun 24 11:39:17 Routed 7 connections in 12 seconds.
Mon Jun 24 11:39:17 Total is now 252 out of 252 (100%).
Mon Jun 24 11:39:17 Saved as file SWEEP3.MAX
Mon Jun 24 11:39:17 No new connections routed.
Mon Jun 24 11:39:17 Total is now 252 out of 252 (100%).
Mon Jun 24 11:39:17 Saved as file SWEEP4.MAX
Mon Jun 24 11:39:17 No new connections routed.
Mon Jun 24 11:39:17 Total is now 252 out of 252 (100%).
Mon Jun 24 11:39:17 Saved as file SWEEP5.MAX
Mon Jun 24 11:44:53 Saved as file BACKUP1.MAX
Mon Jun 24 11:48:05 Saved as file Z:\DESENVOLVIMENTO\NIXIE_CLOCK\HARDWARE\NIXIE_V2.MAX
Mon Jun 24 11:52:21 Saved as file Z:\DESENVOLVIMENTO\NIXIE_CLOCK\HARDWARE\NIXIE_V2.MAX
Mon Jun 24 11:53:22 Saved as file Z:\DESENVOLVIMENTO\NIXIE_CLOCK\HARDWARE\NIXIE_V2.MAX
Mon Jun 24 11:56:23 Saved as file BACKUP1.MAX
Mon Jun 24 11:58:48 Saved as file Z:\DESENVOLVIMENTO\NIXIE_CLOCK\HARDWARE\NIXIE_V2.MAX
Mon Jun 24 12:07:23 Saved as file BACKUP1.MAX
Mon Jun 24 12:17:23 Saved as file BACKUP1.MAX
Mon Jun 24 12:27:23 Saved as file BACKUP1.MAX
Mon Jun 24 12:37:23 Saved as file BACKUP1.MAX
Mon Jun 24 12:47:24 Saved as file BACKUP1.MAX
Mon Jun 24 12:57:24 Saved as file BACKUP1.MAX
Mon Jun 24 13:07:24 Saved as file BACKUP1.MAX
Mon Jun 24 13:17:24 Saved as file BACKUP1.MAX
Mon Jun 24 13:27:24 Saved as file BACKUP1.MAX
Mon Jun 24 13:37:24 Saved as file BACKUP1.MAX
Mon Jun 24 13:47:24 Saved as file BACKUP1.MAX
Mon Jun 24 13:57:25 Saved as file BACKUP1.MAX
Mon Jun 24 14:07:25 Saved as file BACKUP1.MAX
Mon Jun 24 14:17:25 Saved as file BACKUP1.MAX
Mon Jun 24 14:22:16 Saved as file Z:\DESENVOLVIMENTO\NIXIE_CLOCK\HARDWARE\NIXIE_V2.MAX
Tue Aug 27 13:05:15 Saved as file BACKUP1.MAX
Tue Aug 27 13:15:15 Saved as file BACKUP1.MAX
Tue Aug 27 13:25:15 Saved as file BACKUP1.MAX
Tue Aug 27 13:35:15 Saved as file BACKUP1.MAX
Tue Aug 27 13:45:15 Saved as file BACKUP1.MAX
Tue Aug 27 13:55:15 Saved as file BACKUP1.MAX
Tue Aug 27 14:05:15 Saved as file BACKUP1.MAX
Tue Aug 27 14:15:15 Saved as file BACKUP1.MAX
Tue Aug 27 14:25:15 Saved as file BACKUP1.MAX
Tue Aug 27 14:35:15 Saved as file BACKUP1.MAX
Tue Aug 27 14:45:15 Saved as file BACKUP1.MAX
Tue Aug 27 14:55:15 Saved as file BACKUP1.MAX
