Post Processor Report
OrCAD FILE: Z:\DESENVOLVIMENTO\NIXIE_CLOCK\HARDWARE\NIXIE_V2.MAX
Mon Jun 24 12:05:15 2019

*********************************************************

Output file: Z:\DESENVOLVIMENTO\NIXIE_CLOCK\HARDWARE\NIXIE_V2.TOP

Aperture totals for Z:\DESENVOLVIMENTO\NIXIE_CLOCK\HARDWARE\NIXIE_V2.TOP:
---------------------------------------------------------
D10:  0.1181 ROUND  --       0 Draws,       2 Flashes
D11:  0.0520 ROUND  --       0 Draws,      11 Flashes
D12:  0.0520 SQUARE --       0 Draws,       3 Flashes
D13:  0.0560 x 0.0820 RECTANGLE -----       2 Flashes
D14:  0.0400 ROUND  --       0 Draws,     182 Flashes
D15:  0.3150 ROUND  --       0 Draws,       4 Flashes
D16:  0.1300 x 0.1600 RECTANGLE -----       1 Flashes
D17:  0.1600 x 0.1300 RECTANGLE -----       2 Flashes
D18:  0.0580 ROUND  --       0 Draws,     190 Flashes
D19:  0.0580 SQUARE --       0 Draws,      20 Flashes
D20:  0.0600 ROUND  --       0 Draws,       2 Flashes
D21:  0.0630 SQUARE --       0 Draws,       1 Flashes
D22:  0.1140 x 0.2130 RECTANGLE -----       2 Flashes
D23:  0.0750 ROUND  --       0 Draws,      12 Flashes
D24:  0.0750 SQUARE --       0 Draws,       6 Flashes
D25:  0.0450 ROUND  --       0 Draws,      34 Flashes
D26:  0.4200 x 0.3300 RECTANGLE -----       1 Flashes
D27:  0.0400 x 0.1200 RECTANGLE -----       5 Flashes
D28:  0.0750 x 0.0250 RECTANGLE -----       8 Flashes
D29:  0.0708 ROUND  --       0 Draws,      66 Flashes
D30:  0.0100 ROUND  --    7402 Draws,       0 Flashes
D31:  0.0180 ROUND  --      68 Draws,       0 Flashes
D32:  0.0120 ROUND  --    1142 Draws,       0 Flashes
D33:  0.0220 ROUND  --     135 Draws,       0 Flashes
D55:  0.0350 ROUND  --       0 Draws,      72 Flashes
---------------------------------------------------------
 25 D-Codes      -----    8747 Draws,     626 Flashes

*********************************************************

Output file: Z:\DESENVOLVIMENTO\NIXIE_CLOCK\HARDWARE\NIXIE_V2.BOT

Aperture totals for Z:\DESENVOLVIMENTO\NIXIE_CLOCK\HARDWARE\NIXIE_V2.BOT:
---------------------------------------------------------
D10:  0.1181 ROUND  --       0 Draws,       2 Flashes
D11:  0.0520 ROUND  --       0 Draws,      11 Flashes
D12:  0.0520 SQUARE --       0 Draws,       3 Flashes
D14:  0.0400 ROUND  --       0 Draws,     182 Flashes
D15:  0.3150 ROUND  --       0 Draws,       4 Flashes
D16:  0.1300 x 0.1600 RECTANGLE -----       1 Flashes
D17:  0.1600 x 0.1300 RECTANGLE -----       2 Flashes
D18:  0.0580 ROUND  --       0 Draws,     190 Flashes
D19:  0.0580 SQUARE --       0 Draws,      20 Flashes
D20:  0.0600 ROUND  --       0 Draws,       2 Flashes
D21:  0.0630 SQUARE --       0 Draws,       1 Flashes
D23:  0.0750 ROUND  --       0 Draws,      12 Flashes
D24:  0.0750 SQUARE --       0 Draws,       6 Flashes
D25:  0.0450 ROUND  --       0 Draws,      34 Flashes
D29:  0.0708 ROUND  --       0 Draws,      66 Flashes
D30:  0.0100 ROUND  --    9950 Draws,       0 Flashes
D31:  0.0180 ROUND  --      34 Draws,       0 Flashes
D32:  0.0120 ROUND  --     809 Draws,       0 Flashes
D33:  0.0220 ROUND  --      49 Draws,       0 Flashes
D34:  0.0472 x 0.0590 RECTANGLE -----       4 Flashes
D55:  0.0350 ROUND  --       0 Draws,      72 Flashes
---------------------------------------------------------
 21 D-Codes      -----   10842 Draws,     612 Flashes

*********************************************************

Output file: Z:\DESENVOLVIMENTO\NIXIE_CLOCK\HARDWARE\NIXIE_V2.IN1

Aperture totals for Z:\DESENVOLVIMENTO\NIXIE_CLOCK\HARDWARE\NIXIE_V2.IN1:
---------------------------------------------------------
D48:  0.0050 ROUND  --       4 Draws,       0 Flashes
---------------------------------------------------------
  1 D-Codes      -----       4 Draws,       0 Flashes

*********************************************************

Output file: Z:\DESENVOLVIMENTO\NIXIE_CLOCK\HARDWARE\NIXIE_V2.SMT

Aperture totals for Z:\DESENVOLVIMENTO\NIXIE_CLOCK\HARDWARE\NIXIE_V2.SMT:
---------------------------------------------------------
D11:  0.0520 ROUND  --       0 Draws,      11 Flashes
D12:  0.0520 SQUARE --       0 Draws,       3 Flashes
D13:  0.0560 x 0.0820 RECTANGLE -----       2 Flashes
D18:  0.0580 ROUND  --       0 Draws,     190 Flashes
D19:  0.0580 SQUARE --       0 Draws,      20 Flashes
D23:  0.0750 ROUND  --       0 Draws,      12 Flashes
D24:  0.0750 SQUARE --       0 Draws,       6 Flashes
D25:  0.0450 ROUND  --       0 Draws,      34 Flashes
D35:  0.1260 ROUND  --       0 Draws,       2 Flashes
D36:  0.0420 ROUND  --       0 Draws,      24 Flashes
D37:  0.3300 ROUND  --       0 Draws,       4 Flashes
D38:  0.1400 x 0.1700 RECTANGLE -----       1 Flashes
D39:  0.1700 x 0.1400 RECTANGLE -----       2 Flashes
D40:  0.0650 ROUND  --       0 Draws,       2 Flashes
D41:  0.0680 SQUARE --       0 Draws,       1 Flashes
D42:  0.1180 x 0.2180 RECTANGLE -----       2 Flashes
D43:  0.4240 x 0.3340 RECTANGLE -----       1 Flashes
D44:  0.0440 x 0.1240 RECTANGLE -----       5 Flashes
D45:  0.0800 x 0.0300 RECTANGLE -----       8 Flashes
D46:  0.0787 ROUND  --       0 Draws,      66 Flashes
---------------------------------------------------------
 20 D-Codes      -----       0 Draws,     396 Flashes

*********************************************************

Output file: Z:\DESENVOLVIMENTO\NIXIE_CLOCK\HARDWARE\NIXIE_V2.SMB

Aperture totals for Z:\DESENVOLVIMENTO\NIXIE_CLOCK\HARDWARE\NIXIE_V2.SMB:
---------------------------------------------------------
D11:  0.0520 ROUND  --       0 Draws,      11 Flashes
D12:  0.0520 SQUARE --       0 Draws,       3 Flashes
D18:  0.0580 ROUND  --       0 Draws,     190 Flashes
D19:  0.0580 SQUARE --       0 Draws,      20 Flashes
D23:  0.0750 ROUND  --       0 Draws,      12 Flashes
D24:  0.0750 SQUARE --       0 Draws,       6 Flashes
D25:  0.0450 ROUND  --       0 Draws,      34 Flashes
D35:  0.1260 ROUND  --       0 Draws,       2 Flashes
D36:  0.0420 ROUND  --       0 Draws,      24 Flashes
D37:  0.3300 ROUND  --       0 Draws,       4 Flashes
D38:  0.1400 x 0.1700 RECTANGLE -----       1 Flashes
D39:  0.1700 x 0.1400 RECTANGLE -----       2 Flashes
D40:  0.0650 ROUND  --       0 Draws,       2 Flashes
D41:  0.0680 SQUARE --       0 Draws,       1 Flashes
D46:  0.0787 ROUND  --       0 Draws,      66 Flashes
D47:  0.0551 x 0.0669 RECTANGLE -----       4 Flashes
---------------------------------------------------------
 16 D-Codes      -----       0 Draws,     382 Flashes

*********************************************************

Output file: Z:\DESENVOLVIMENTO\NIXIE_CLOCK\HARDWARE\NIXIE_V2.SST

Aperture totals for Z:\DESENVOLVIMENTO\NIXIE_CLOCK\HARDWARE\NIXIE_V2.SST:
---------------------------------------------------------
D30:  0.0100 ROUND  --      28 Draws,       0 Flashes
D48:  0.0050 ROUND  --      48 Draws,       0 Flashes
D49:  0.0080 ROUND  --    1389 Draws,       0 Flashes
D50:  0.0079 ROUND  --      24 Draws,       0 Flashes
D51:  0.0060 ROUND  --      41 Draws,       0 Flashes
D52:  0.0098 ROUND  --      63 Draws,       0 Flashes
D53:  0.0010 ROUND  --       5 Draws,       0 Flashes
---------------------------------------------------------
  7 D-Codes      -----    1598 Draws,       0 Flashes

*********************************************************

Output file: Z:\DESENVOLVIMENTO\NIXIE_CLOCK\HARDWARE\NIXIE_V2.AST

Aperture totals for Z:\DESENVOLVIMENTO\NIXIE_CLOCK\HARDWARE\NIXIE_V2.AST:
---------------------------------------------------------
D11:  0.0520 ROUND  --       0 Draws,      11 Flashes
D12:  0.0520 SQUARE --       0 Draws,       3 Flashes
D13:  0.0560 x 0.0820 RECTANGLE -----       2 Flashes
D18:  0.0580 ROUND  --       0 Draws,     190 Flashes
D19:  0.0580 SQUARE --       0 Draws,      20 Flashes
D25:  0.0450 ROUND  --       0 Draws,      34 Flashes
D30:  0.0100 ROUND  --      65 Draws,       0 Flashes
D49:  0.0080 ROUND  --    1454 Draws,       0 Flashes
D51:  0.0060 ROUND  --       3 Draws,       0 Flashes
D52:  0.0098 ROUND  --      60 Draws,       0 Flashes
D53:  0.0010 ROUND  --      18 Draws,       0 Flashes
D54:  0.0030 ROUND  --       4 Draws,       0 Flashes
---------------------------------------------------------
 12 D-Codes      -----    1604 Draws,     260 Flashes

*********************************************************

Output file: Z:\DESENVOLVIMENTO\NIXIE_CLOCK\HARDWARE\NIXIE_V2.DRD

Aperture totals for Z:\DESENVOLVIMENTO\NIXIE_CLOCK\HARDWARE\NIXIE_V2.DRD:
---------------------------------------------------------
D30:  0.0100 ROUND  --    3233 Draws,       0 Flashes
---------------------------------------------------------
  1 D-Codes      -----    3233 Draws,       0 Flashes


*********************************************************

Aperture totals for entire project:
---------------------------------------------------------
D10:  0.1181 ROUND  --       0 Draws,       4 Flashes
D11:  0.0520 ROUND  --       0 Draws,      55 Flashes
D12:  0.0520 SQUARE --       0 Draws,      15 Flashes
D13:  0.0560 x 0.0820 RECTANGLE -----       6 Flashes
D14:  0.0400 ROUND  --       0 Draws,     364 Flashes
D15:  0.3150 ROUND  --       0 Draws,       8 Flashes
D16:  0.1300 x 0.1600 RECTANGLE -----       2 Flashes
D17:  0.1600 x 0.1300 RECTANGLE -----       4 Flashes
D18:  0.0580 ROUND  --       0 Draws,     950 Flashes
D19:  0.0580 SQUARE --       0 Draws,     100 Flashes
D20:  0.0600 ROUND  --       0 Draws,       4 Flashes
D21:  0.0630 SQUARE --       0 Draws,       2 Flashes
D22:  0.1140 x 0.2130 RECTANGLE -----       2 Flashes
D23:  0.0750 ROUND  --       0 Draws,      48 Flashes
D24:  0.0750 SQUARE --       0 Draws,      24 Flashes
D25:  0.0450 ROUND  --       0 Draws,     170 Flashes
D26:  0.4200 x 0.3300 RECTANGLE -----       1 Flashes
D27:  0.0400 x 0.1200 RECTANGLE -----       5 Flashes
D28:  0.0750 x 0.0250 RECTANGLE -----       8 Flashes
D29:  0.0708 ROUND  --       0 Draws,     132 Flashes
D30:  0.0100 ROUND  --   20678 Draws,       0 Flashes
D31:  0.0180 ROUND  --     102 Draws,       0 Flashes
D32:  0.0120 ROUND  --    1951 Draws,       0 Flashes
D33:  0.0220 ROUND  --     184 Draws,       0 Flashes
D34:  0.0472 x 0.0590 RECTANGLE -----       4 Flashes
D35:  0.1260 ROUND  --       0 Draws,       4 Flashes
D36:  0.0420 ROUND  --       0 Draws,      48 Flashes
D37:  0.3300 ROUND  --       0 Draws,       8 Flashes
D38:  0.1400 x 0.1700 RECTANGLE -----       2 Flashes
D39:  0.1700 x 0.1400 RECTANGLE -----       4 Flashes
D40:  0.0650 ROUND  --       0 Draws,       4 Flashes
D41:  0.0680 SQUARE --       0 Draws,       2 Flashes
D42:  0.1180 x 0.2180 RECTANGLE -----       2 Flashes
D43:  0.4240 x 0.3340 RECTANGLE -----       1 Flashes
D44:  0.0440 x 0.1240 RECTANGLE -----       5 Flashes
D45:  0.0800 x 0.0300 RECTANGLE -----       8 Flashes
D46:  0.0787 ROUND  --       0 Draws,     132 Flashes
D47:  0.0551 x 0.0669 RECTANGLE -----       4 Flashes
D48:  0.0050 ROUND  --      52 Draws,       0 Flashes
D49:  0.0080 ROUND  --    2843 Draws,       0 Flashes
D50:  0.0079 ROUND  --      24 Draws,       0 Flashes
D51:  0.0060 ROUND  --      44 Draws,       0 Flashes
D52:  0.0098 ROUND  --     123 Draws,       0 Flashes
D53:  0.0010 ROUND  --      23 Draws,       0 Flashes
D54:  0.0030 ROUND  --       4 Draws,       0 Flashes
D55:  0.0350 ROUND  --       0 Draws,     144 Flashes
---------------------------------------------------------
 46 D-Codes      -----   26028 Draws,    2276 Flashes


No warnings or errors.
