AutoECO Report
FILE-A: Z:\DESENVOLVIMENTO\NIXIE_CLOCK\HARDWARE\NIXIE.MAX
FILE-B: Z:\DESENVOLVIMENTO\NIXIE_CLOCK\HARDWARE\NIXIE.MNL
If "*EOF*" immediately follows, no changes were made
Adding package CON1
Adding component U3
Adding U3.16 to net 3V3
Adding U3.4 to net CLOCK
Adding U3.2 to net DATA
Adding C4.2 to net GND
Adding C3.2 to net GND
Adding C1.2 to net GND
Adding C2.2 to net GND
Adding U1.11 to net GND
Adding U1.3 to net GND
Adding U1.15 to net GND
Adding C8.2 to net GND
Adding C7.2 to net GND
Adding C5.2 to net GND
Adding C6.2 to net GND
Adding U2.11 to net GND
Adding U2.3 to net GND
Adding U2.15 to net GND
Adding U3.17 to net GND
Adding U3.14 to net GND
Adding F1.1 to net GND
Adding F4.1 to net GND
Adding F2.1 to net GND
Adding F3.1 to net GND
Adding U3.29 to net I2C_CLK
Adding U3.26 to net I2C_SDA
Adding U3.8 to net LAMPS_HMS
Adding U3.7 to net LAMP_TEMP
Adding U3.6 to net LAMP_WDAY
Adding U3.19 to net PWM_LAMPS
Adding U3.18 to net PWM_T
Adding U3.3 to net RESET
Adding U3.9 to net RESET
Adding U3.21 to net RGB_B
Adding U3.22 to net RGB_G
Adding U3.23 to net RGB_R
Adding U3.15 to net VCC
Deleting net GND_POWER
*EOF*
No errors found
